T01.lean:103:29: warning: Variable name `t` is not explicitly referenced.
T01.lean:103:44: warning: Variable name `r` is not explicitly referenced.
T01.lean:146:36: warning: Variable name `r` is not explicitly referenced.
T01.lean:164:5: warning: Variable name `hwf` is not explicitly referenced.
T01.lean:166:5: warning: Variable name `hpre` is not explicitly referenced.
case inl.inl.inl.right.left
ρ : Env
s : State
hwf : WF shapeOf s.world
hpre : eval s aushaengen_pre = some (Value.bool true)
w_s : Int
e_s : s.local' "s" = Value.int w_s
h_Kappenraum_vorheriges_s : s.world (Place.slot "Kappenraum" w_s "vorheriges") = Value.absent
h_Kappenraum_naechstes_s : s.world (Place.slot "Kappenraum" w_s "naechstes") = Value.absent
h_Kappenraum_elter_s : s.world (Place.slot "Kappenraum" w_s "elter") = Value.absent
⊢ ∀ (k : Nat),
    k < 4096 →
      chase
          (store
            (store
              (store (store s.world (Place.slot "Kappenraum" w_s "elter") Value.absent)
                (Place.slot "Kappenraum" w_s "erstes_kind") Value.absent)
              (Place.slot "Kappenraum" w_s "naechstes") Value.absent)
            (Place.slot "Kappenraum" w_s "vorheriges") Value.absent)
          "Kappenraum" "elter" 0 (↑k) 4096 =
        some (Value.bool true)
case inl.inl.inl.right.right.left
ρ : Env
s : State
hwf : WF shapeOf s.world
hpre : eval s aushaengen_pre = some (Value.bool true)
w_s : Int
e_s : s.local' "s" = Value.int w_s
h_Kappenraum_vorheriges_s : s.world (Place.slot "Kappenraum" w_s "vorheriges") = Value.absent
h_Kappenraum_naechstes_s : s.world (Place.slot "Kappenraum" w_s "naechstes") = Value.absent
h_Kappenraum_elter_s : s.world (Place.slot "Kappenraum" w_s "elter") = Value.absent
⊢ ∀ (k : Nat),
    k < 4096 →
      ¬store s.world (Place.slot "Kappenraum" w_s "elter") Value.absent (Place.slot "Kappenraum" (↑k) "elter") =
            Value.absent ∨
        store
            (store
              (store (store s.world (Place.slot "Kappenraum" w_s "elter") Value.absent)
                (Place.slot "Kappenraum" w_s "erstes_kind") Value.absent)
              (Place.slot "Kappenraum" w_s "naechstes") Value.absent)
            (Place.slot "Kappenraum" w_s "vorheriges") Value.absent (Place.slot "Kappenraum" (↑k) "vorheriges") =
          Value.absent
case inl.inl.inl.right.right.right
ρ : Env
s : State
hwf : WF shapeOf s.world
hpre : eval s aushaengen_pre = some (Value.bool true)
w_s : Int
e_s : s.local' "s" = Value.int w_s
h_Kappenraum_vorheriges_s : s.world (Place.slot "Kappenraum" w_s "vorheriges") = Value.absent
h_Kappenraum_naechstes_s : s.world (Place.slot "Kappenraum" w_s "naechstes") = Value.absent
h_Kappenraum_elter_s : s.world (Place.slot "Kappenraum" w_s "elter") = Value.absent
⊢ ∀ (k : Nat),
    k < 4096 →
      chase
          (store
            (store
              (store (store s.world (Place.slot "Kappenraum" w_s "elter") Value.absent)
                (Place.slot "Kappenraum" w_s "erstes_kind") Value.absent)
              (Place.slot "Kappenraum" w_s "naechstes") Value.absent)
            (Place.slot "Kappenraum" w_s "vorheriges") Value.absent)
          "Kappenraum" "elter" 0 (↑k) 4096 =
        some (Value.bool true)
case inl.inl.inr.right.left
ρ : Env
s : State
hwf : WF shapeOf s.world
hpre : eval s aushaengen_pre = some (Value.bool true)
w_s : Int
e_s : s.local' "s" = Value.int w_s
h_Kappenraum_vorheriges_s : s.world (Place.slot "Kappenraum" w_s "vorheriges") = Value.absent
h_Kappenraum_naechstes_s : s.world (Place.slot "Kappenraum" w_s "naechstes") = Value.absent
n_Kappenraum_elter_s : Int
h_Kappenraum_elter_s : s.world (Place.slot "Kappenraum" w_s "elter") = Value.present n_Kappenraum_elter_s
⊢ ∀ (k : Nat),
    k < 4096 →
      chase
          (store
            (store
              (store
                (store (store s.world (Place.slot "Kappenraum" n_Kappenraum_elter_s "erstes_kind") Value.absent)
                  (Place.slot "Kappenraum" w_s "elter") Value.absent)
                (Place.slot "Kappenraum" w_s "erstes_kind") Value.absent)
              (Place.slot "Kappenraum" w_s "naechstes") Value.absent)
            (Place.slot "Kappenraum" w_s "vorheriges") Value.absent)
          "Kappenraum" "elter" 0 (↑k) 4096 =
        some (Value.bool true)
case inl.inl.inr.right.right.left
ρ : Env
s : State
hwf : WF shapeOf s.world
hpre : eval s aushaengen_pre = some (Value.bool true)
w_s : Int
e_s : s.local' "s" = Value.int w_s
h_Kappenraum_vorheriges_s : s.world (Place.slot "Kappenraum" w_s "vorheriges") = Value.absent
h_Kappenraum_naechstes_s : s.world (Place.slot "Kappenraum" w_s "naechstes") = Value.absent
n_Kappenraum_elter_s : Int
h_Kappenraum_elter_s : s.world (Place.slot "Kappenraum" w_s "elter") = Value.present n_Kappenraum_elter_s
⊢ ∀ (k : Nat),
    k < 4096 →
      ¬store (store s.world (Place.slot "Kappenraum" n_Kappenraum_elter_s "erstes_kind") Value.absent)
              (Place.slot "Kappenraum" w_s "elter") Value.absent (Place.slot "Kappenraum" (↑k) "elter") =
            Value.absent ∨
        store
            (store
              (store
                (store (store s.world (Place.slot "Kappenraum" n_Kappenraum_elter_s "erstes_kind") Value.absent)
                  (Place.slot "Kappenraum" w_s "elter") Value.absent)
                (Place.slot "Kappenraum" w_s "erstes_kind") Value.absent)
              (Place.slot "Kappenraum" w_s "naechstes") Value.absent)
            (Place.slot "Kappenraum" w_s "vorheriges") Value.absent (Place.slot "Kappenraum" (↑k) "vorheriges") =
          Value.absent
case inl.inl.inr.right.right.right
ρ : Env
s : State
hwf : WF shapeOf s.world
hpre : eval s aushaengen_pre = some (Value.bool true)
w_s : Int
e_s : s.local' "s" = Value.int w_s
h_Kappenraum_vorheriges_s : s.world (Place.slot "Kappenraum" w_s "vorheriges") = Value.absent
h_Kappenraum_naechstes_s : s.world (Place.slot "Kappenraum" w_s "naechstes") = Value.absent
n_Kappenraum_elter_s : Int
h_Kappenraum_elter_s : s.world (Place.slot "Kappenraum" w_s "elter") = Value.present n_Kappenraum_elter_s
⊢ ∀ (k : Nat),
    k < 4096 →
      chase
          (store
            (store
              (store
                (store (store s.world (Place.slot "Kappenraum" n_Kappenraum_elter_s "erstes_kind") Value.absent)
                  (Place.slot "Kappenraum" w_s "elter") Value.absent)
                (Place.slot "Kappenraum" w_s "erstes_kind") Value.absent)
              (Place.slot "Kappenraum" w_s "naechstes") Value.absent)
            (Place.slot "Kappenraum" w_s "vorheriges") Value.absent)
          "Kappenraum" "elter" 0 (↑k) 4096 =
        some (Value.bool true)
case inl.inr.inl.right.left
ρ : Env
s : State
hwf : WF shapeOf s.world
hpre : eval s aushaengen_pre = some (Value.bool true)
w_s : Int
e_s : s.local' "s" = Value.int w_s
h_Kappenraum_vorheriges_s : s.world (Place.slot "Kappenraum" w_s "vorheriges") = Value.absent
n_Kappenraum_naechstes_s : Int
h_Kappenraum_naechstes_s : s.world (Place.slot "Kappenraum" w_s "naechstes") = Value.present n_Kappenraum_naechstes_s
h_Kappenraum_elter_s : s.world (Place.slot "Kappenraum" w_s "elter") = Value.absent
⊢ ∀ (k : Nat),
    k < 4096 →
      chase
          (store
            (store
              (store
                (store (store s.world (Place.slot "Kappenraum" n_Kappenraum_naechstes_s "vorheriges") Value.absent)
                  (Place.slot "Kappenraum" w_s "elter") Value.absent)
                (Place.slot "Kappenraum" w_s "erstes_kind") Value.absent)
              (Place.slot "Kappenraum" w_s "naechstes") Value.absent)
            (Place.slot "Kappenraum" w_s "vorheriges") Value.absent)
          "Kappenraum" "elter" 0 (↑k) 4096 =
        some (Value.bool true)
case inl.inr.inl.right.right.left
ρ : Env
s : State
hwf : WF shapeOf s.world
hpre : eval s aushaengen_pre = some (Value.bool true)
w_s : Int
e_s : s.local' "s" = Value.int w_s
h_Kappenraum_vorheriges_s : s.world (Place.slot "Kappenraum" w_s "vorheriges") = Value.absent
n_Kappenraum_naechstes_s : Int
h_Kappenraum_naechstes_s : s.world (Place.slot "Kappenraum" w_s "naechstes") = Value.present n_Kappenraum_naechstes_s
h_Kappenraum_elter_s : s.world (Place.slot "Kappenraum" w_s "elter") = Value.absent
⊢ ∀ (k : Nat),
    k < 4096 →
      ¬store (store s.world (Place.slot "Kappenraum" n_Kappenraum_naechstes_s "vorheriges") Value.absent)
              (Place.slot "Kappenraum" w_s "elter") Value.absent (Place.slot "Kappenraum" (↑k) "elter") =
            Value.absent ∨
        store
            (store
              (store
                (store (store s.world (Place.slot "Kappenraum" n_Kappenraum_naechstes_s "vorheriges") Value.absent)
                  (Place.slot "Kappenraum" w_s "elter") Value.absent)
                (Place.slot "Kappenraum" w_s "erstes_kind") Value.absent)
              (Place.slot "Kappenraum" w_s "naechstes") Value.absent)
            (Place.slot "Kappenraum" w_s "vorheriges") Value.absent (Place.slot "Kappenraum" (↑k) "vorheriges") =
          Value.absent
case inl.inr.inl.right.right.right
ρ : Env
s : State
hwf : WF shapeOf s.world
hpre : eval s aushaengen_pre = some (Value.bool true)
w_s : Int
e_s : s.local' "s" = Value.int w_s
h_Kappenraum_vorheriges_s : s.world (Place.slot "Kappenraum" w_s "vorheriges") = Value.absent
n_Kappenraum_naechstes_s : Int
h_Kappenraum_naechstes_s : s.world (Place.slot "Kappenraum" w_s "naechstes") = Value.present n_Kappenraum_naechstes_s
h_Kappenraum_elter_s : s.world (Place.slot "Kappenraum" w_s "elter") = Value.absent
⊢ ∀ (k : Nat),
    k < 4096 →
      chase
          (store
            (store
              (store
                (store (store s.world (Place.slot "Kappenraum" n_Kappenraum_naechstes_s "vorheriges") Value.absent)
                  (Place.slot "Kappenraum" w_s "elter") Value.absent)
                (Place.slot "Kappenraum" w_s "erstes_kind") Value.absent)
              (Place.slot "Kappenraum" w_s "naechstes") Value.absent)
            (Place.slot "Kappenraum" w_s "vorheriges") Value.absent)
          "Kappenraum" "elter" 0 (↑k) 4096 =
        some (Value.bool true)
case inl.inr.inr.right.left
ρ : Env
s : State
hwf : WF shapeOf s.world
hpre : eval s aushaengen_pre = some (Value.bool true)
w_s : Int
e_s : s.local' "s" = Value.int w_s
h_Kappenraum_vorheriges_s : s.world (Place.slot "Kappenraum" w_s "vorheriges") = Value.absent
n_Kappenraum_naechstes_s : Int
h_Kappenraum_naechstes_s : s.world (Place.slot "Kappenraum" w_s "naechstes") = Value.present n_Kappenraum_naechstes_s
n_Kappenraum_elter_s : Int
h_Kappenraum_elter_s : s.world (Place.slot "Kappenraum" w_s "elter") = Value.present n_Kappenraum_elter_s
⊢ ∀ (k : Nat),
    k < 4096 →
      chase
          (store
            (store
              (store
                (store
                  (store
                    (store s.world (Place.slot "Kappenraum" n_Kappenraum_elter_s "erstes_kind")
                      (Value.present n_Kappenraum_naechstes_s))
                    (Place.slot "Kappenraum" n_Kappenraum_naechstes_s "vorheriges") Value.absent)
                  (Place.slot "Kappenraum" w_s "elter") Value.absent)
                (Place.slot "Kappenraum" w_s "erstes_kind") Value.absent)
              (Place.slot "Kappenraum" w_s "naechstes") Value.absent)
            (Place.slot "Kappenraum" w_s "vorheriges") Value.absent)
          "Kappenraum" "elter" 0 (↑k) 4096 =
        some (Value.bool true)
case inl.inr.inr.right.right.left
ρ : Env
s : State
hwf : WF shapeOf s.world
hpre : eval s aushaengen_pre = some (Value.bool true)
w_s : Int
e_s : s.local' "s" = Value.int w_s
h_Kappenraum_vorheriges_s : s.world (Place.slot "Kappenraum" w_s "vorheriges") = Value.absent
n_Kappenraum_naechstes_s : Int
h_Kappenraum_naechstes_s : s.world (Place.slot "Kappenraum" w_s "naechstes") = Value.present n_Kappenraum_naechstes_s
n_Kappenraum_elter_s : Int
h_Kappenraum_elter_s : s.world (Place.slot "Kappenraum" w_s "elter") = Value.present n_Kappenraum_elter_s
⊢ ∀ (k : Nat),
    k < 4096 →
      ¬store
              (store
                (store s.world (Place.slot "Kappenraum" n_Kappenraum_elter_s "erstes_kind")
                  (Value.present n_Kappenraum_naechstes_s))
                (Place.slot "Kappenraum" n_Kappenraum_naechstes_s "vorheriges") Value.absent)
              (Place.slot "Kappenraum" w_s "elter") Value.absent (Place.slot "Kappenraum" (↑k) "elter") =
            Value.absent ∨
        store
            (store
              (store
                (store
                  (store
                    (store s.world (Place.slot "Kappenraum" n_Kappenraum_elter_s "erstes_kind")
                      (Value.present n_Kappenraum_naechstes_s))
                    (Place.slot "Kappenraum" n_Kappenraum_naechstes_s "vorheriges") Value.absent)
                  (Place.slot "Kappenraum" w_s "elter") Value.absent)
                (Place.slot "Kappenraum" w_s "erstes_kind") Value.absent)
              (Place.slot "Kappenraum" w_s "naechstes") Value.absent)
            (Place.slot "Kappenraum" w_s "vorheriges") Value.absent (Place.slot "Kappenraum" (↑k) "vorheriges") =
          Value.absent
case inl.inr.inr.right.right.right
ρ : Env
s : State
hwf : WF shapeOf s.world
hpre : eval s aushaengen_pre = some (Value.bool true)
w_s : Int
e_s : s.local' "s" = Value.int w_s
h_Kappenraum_vorheriges_s : s.world (Place.slot "Kappenraum" w_s "vorheriges") = Value.absent
n_Kappenraum_naechstes_s : Int
h_Kappenraum_naechstes_s : s.world (Place.slot "Kappenraum" w_s "naechstes") = Value.present n_Kappenraum_naechstes_s
n_Kappenraum_elter_s : Int
h_Kappenraum_elter_s : s.world (Place.slot "Kappenraum" w_s "elter") = Value.present n_Kappenraum_elter_s
⊢ ∀ (k : Nat),
    k < 4096 →
      chase
          (store
            (store
              (store
                (store
                  (store
                    (store s.world (Place.slot "Kappenraum" n_Kappenraum_elter_s "erstes_kind")
                      (Value.present n_Kappenraum_naechstes_s))
                    (Place.slot "Kappenraum" n_Kappenraum_naechstes_s "vorheriges") Value.absent)
                  (Place.slot "Kappenraum" w_s "elter") Value.absent)
                (Place.slot "Kappenraum" w_s "erstes_kind") Value.absent)
              (Place.slot "Kappenraum" w_s "naechstes") Value.absent)
            (Place.slot "Kappenraum" w_s "vorheriges") Value.absent)
          "Kappenraum" "elter" 0 (↑k) 4096 =
        some (Value.bool true)
case inr.inl.inl
ρ : Env
s : State
hwf : WF shapeOf s.world
hpre : eval s aushaengen_pre = some (Value.bool true)
w_s : Int
e_s : s.local' "s" = Value.int w_s
n_Kappenraum_vorheriges_s : Int
h_Kappenraum_vorheriges_s : s.world (Place.slot "Kappenraum" w_s "vorheriges") = Value.present n_Kappenraum_vorheriges_s
h_Kappenraum_naechstes_s : s.world (Place.slot "Kappenraum" w_s "naechstes") = Value.absent
h_Kappenraum_elter_s : s.world (Place.slot "Kappenraum" w_s "elter") = Value.absent
⊢ ∃ s',
    (match
          match
            match
              some
                (store s.world (Place.slot "Kappenraum" n_Kappenraum_vorheriges_s "naechstes") Value.absent
                  (Place.slot "Kappenraum" w_s "naechstes")) with
            | some (Value.present k) =>
              Outcome.running
                {
                  world :=
                    store (store s.world (Place.slot "Kappenraum" n_Kappenraum_vorheriges_s "naechstes") Value.absent)
                      (Place.slot "Kappenraum" k "vorheriges") (Value.present n_Kappenraum_vorheriges_s),
                  local' := bindLocal (bindLocal s.local' "p" (Value.int n_Kappenraum_vorheriges_s)) "n" (Value.int k) }
            | some Value.absent =>
              Outcome.running
                { world := store s.world (Place.slot "Kappenraum" n_Kappenraum_vorheriges_s "naechstes") Value.absent,
                  local' := bindLocal s.local' "p" (Value.int n_Kappenraum_vorheriges_s) }
            | x => Outcome.stuck with
          | Outcome.running s' =>
            match
              match some (s'.local' "s"), some Value.absent with
              | some (Value.int k), some v =>
                Outcome.running { world := store s'.world (Place.slot "Kappenraum" k "elter") v, local' := s'.local' }
              | x, x_1 => Outcome.stuck with
            | Outcome.running s' =>
              match
                match some (s'.local' "s"), some Value.absent with
                | some (Value.int k), some v =>
                  Outcome.running
                    { world := store s'.world (Place.slot "Kappenraum" k "erstes_kind") v, local' := s'.local' }
                | x, x_1 => Outcome.stuck with
              | Outcome.running s' =>
                match
                  match some (s'.local' "s"), some Value.absent with
                  | some (Value.int k), some v =>
                    Outcome.running
                      { world := store s'.world (Place.slot "Kappenraum" k "naechstes") v, local' := s'.local' }
                  | x, x_1 => Outcome.stuck with
                | Outcome.running s' =>
                  match
                    match some (s'.local' "s"), some Value.absent with
                    | some (Value.int k), some v =>
                      Outcome.running
                        { world := store s'.world (Place.slot "Kappenraum" k "vorheriges") v, local' := s'.local' }
                    | x, x_1 => Outcome.stuck with
                  | Outcome.running s' => Outcome.running s'
                  | o => o
                | o => o
              | o => o
            | o => o
          | o => o with
        | Outcome.running s => some s
        | Outcome.returned s v => some s
        | Outcome.exited s => some s
        | Outcome.left s => some s
        | Outcome.stuck => none) =
        some s' ∧
      WF shapeOf s'.world ∧
        (∀ (k : Nat), k < 4096 → chase s'.world "Kappenraum" "elter" 0 (↑k) 4096 = some (Value.bool true)) ∧
          (∀ (k : Nat),
              k < 4096 →
                ¬s'.world (Place.slot "Kappenraum" (↑k) "elter") = Value.absent ∨
                  s'.world (Place.slot "Kappenraum" (↑k) "vorheriges") = Value.absent) ∧
            (∀ (k : Nat), k < 4096 → chase s'.world "Kappenraum" "elter" 0 (↑k) 4096 = some (Value.bool true)) ∧
              s'.world (Place.slot "Kappenraum" w_s "elter") = Value.absent ∧
                s'.world (Place.slot "Kappenraum" w_s "vorheriges") = Value.absent ∧
                  s'.world (Place.slot "Kappenraum" w_s "naechstes") = Value.absent
case inr.inl.inr
ρ : Env
s : State
hwf : WF shapeOf s.world
hpre : eval s aushaengen_pre = some (Value.bool true)
w_s : Int
e_s : s.local' "s" = Value.int w_s
n_Kappenraum_vorheriges_s : Int
h_Kappenraum_vorheriges_s : s.world (Place.slot "Kappenraum" w_s "vorheriges") = Value.present n_Kappenraum_vorheriges_s
h_Kappenraum_naechstes_s : s.world (Place.slot "Kappenraum" w_s "naechstes") = Value.absent
n_Kappenraum_elter_s : Int
h_Kappenraum_elter_s : s.world (Place.slot "Kappenraum" w_s "elter") = Value.present n_Kappenraum_elter_s
⊢ ∃ s',
    (match
          match
            match
              some
                (store s.world (Place.slot "Kappenraum" n_Kappenraum_vorheriges_s "naechstes") Value.absent
                  (Place.slot "Kappenraum" w_s "naechstes")) with
            | some (Value.present k) =>
              Outcome.running
                {
                  world :=
                    store (store s.world (Place.slot "Kappenraum" n_Kappenraum_vorheriges_s "naechstes") Value.absent)
                      (Place.slot "Kappenraum" k "vorheriges") (Value.present n_Kappenraum_vorheriges_s),
                  local' := bindLocal (bindLocal s.local' "p" (Value.int n_Kappenraum_vorheriges_s)) "n" (Value.int k) }
            | some Value.absent =>
              Outcome.running
                { world := store s.world (Place.slot "Kappenraum" n_Kappenraum_vorheriges_s "naechstes") Value.absent,
                  local' := bindLocal s.local' "p" (Value.int n_Kappenraum_vorheriges_s) }
            | x => Outcome.stuck with
          | Outcome.running s' =>
            match
              match some (s'.local' "s"), some Value.absent with
              | some (Value.int k), some v =>
                Outcome.running { world := store s'.world (Place.slot "Kappenraum" k "elter") v, local' := s'.local' }
              | x, x_1 => Outcome.stuck with
            | Outcome.running s' =>
              match
                match some (s'.local' "s"), some Value.absent with
                | some (Value.int k), some v =>
                  Outcome.running
                    { world := store s'.world (Place.slot "Kappenraum" k "erstes_kind") v, local' := s'.local' }
                | x, x_1 => Outcome.stuck with
              | Outcome.running s' =>
                match
                  match some (s'.local' "s"), some Value.absent with
                  | some (Value.int k), some v =>
                    Outcome.running
                      { world := store s'.world (Place.slot "Kappenraum" k "naechstes") v, local' := s'.local' }
                  | x, x_1 => Outcome.stuck with
                | Outcome.running s' =>
                  match
                    match some (s'.local' "s"), some Value.absent with
                    | some (Value.int k), some v =>
                      Outcome.running
                        { world := store s'.world (Place.slot "Kappenraum" k "vorheriges") v, local' := s'.local' }
                    | x, x_1 => Outcome.stuck with
                  | Outcome.running s' => Outcome.running s'
                  | o => o
                | o => o
              | o => o
            | o => o
          | o => o with
        | Outcome.running s => some s
        | Outcome.returned s v => some s
        | Outcome.exited s => some s
        | Outcome.left s => some s
        | Outcome.stuck => none) =
        some s' ∧
      WF shapeOf s'.world ∧
        (∀ (k : Nat), k < 4096 → chase s'.world "Kappenraum" "elter" 0 (↑k) 4096 = some (Value.bool true)) ∧
          (∀ (k : Nat),
              k < 4096 →
                ¬s'.world (Place.slot "Kappenraum" (↑k) "elter") = Value.absent ∨
                  s'.world (Place.slot "Kappenraum" (↑k) "vorheriges") = Value.absent) ∧
            (∀ (k : Nat), k < 4096 → chase s'.world "Kappenraum" "elter" 0 (↑k) 4096 = some (Value.bool true)) ∧
              s'.world (Place.slot "Kappenraum" w_s "elter") = Value.absent ∧
                s'.world (Place.slot "Kappenraum" w_s "vorheriges") = Value.absent ∧
                  s'.world (Place.slot "Kappenraum" w_s "naechstes") = Value.absent
case inr.inr.inl
ρ : Env
s : State
hwf : WF shapeOf s.world
hpre : eval s aushaengen_pre = some (Value.bool true)
w_s : Int
e_s : s.local' "s" = Value.int w_s
n_Kappenraum_vorheriges_s : Int
h_Kappenraum_vorheriges_s : s.world (Place.slot "Kappenraum" w_s "vorheriges") = Value.present n_Kappenraum_vorheriges_s
n_Kappenraum_naechstes_s : Int
h_Kappenraum_naechstes_s : s.world (Place.slot "Kappenraum" w_s "naechstes") = Value.present n_Kappenraum_naechstes_s
h_Kappenraum_elter_s : s.world (Place.slot "Kappenraum" w_s "elter") = Value.absent
⊢ ∃ s',
    (match
          match
            match
              some
                (store s.world (Place.slot "Kappenraum" n_Kappenraum_vorheriges_s "naechstes")
                  (Value.present n_Kappenraum_naechstes_s) (Place.slot "Kappenraum" w_s "naechstes")) with
            | some (Value.present k) =>
              Outcome.running
                {
                  world :=
                    store
                      (store s.world (Place.slot "Kappenraum" n_Kappenraum_vorheriges_s "naechstes")
                        (Value.present n_Kappenraum_naechstes_s))
                      (Place.slot "Kappenraum" k "vorheriges") (Value.present n_Kappenraum_vorheriges_s),
                  local' := bindLocal (bindLocal s.local' "p" (Value.int n_Kappenraum_vorheriges_s)) "n" (Value.int k) }
            | some Value.absent =>
              Outcome.running
                {
                  world :=
                    store s.world (Place.slot "Kappenraum" n_Kappenraum_vorheriges_s "naechstes")
                      (Value.present n_Kappenraum_naechstes_s),
                  local' := bindLocal s.local' "p" (Value.int n_Kappenraum_vorheriges_s) }
            | x => Outcome.stuck with
          | Outcome.running s' =>
            match
              match some (s'.local' "s"), some Value.absent with
              | some (Value.int k), some v =>
                Outcome.running { world := store s'.world (Place.slot "Kappenraum" k "elter") v, local' := s'.local' }
              | x, x_1 => Outcome.stuck with
            | Outcome.running s' =>
              match
                match some (s'.local' "s"), some Value.absent with
                | some (Value.int k), some v =>
                  Outcome.running
                    { world := store s'.world (Place.slot "Kappenraum" k "erstes_kind") v, local' := s'.local' }
                | x, x_1 => Outcome.stuck with
              | Outcome.running s' =>
                match
                  match some (s'.local' "s"), some Value.absent with
                  | some (Value.int k), some v =>
                    Outcome.running
                      { world := store s'.world (Place.slot "Kappenraum" k "naechstes") v, local' := s'.local' }
                  | x, x_1 => Outcome.stuck with
                | Outcome.running s' =>
                  match
                    match some (s'.local' "s"), some Value.absent with
                    | some (Value.int k), some v =>
                      Outcome.running
                        { world := store s'.world (Place.slot "Kappenraum" k "vorheriges") v, local' := s'.local' }
                    | x, x_1 => Outcome.stuck with
                  | Outcome.running s' => Outcome.running s'
                  | o => o
                | o => o
              | o => o
            | o => o
          | o => o with
        | Outcome.running s => some s
        | Outcome.returned s v => some s
        | Outcome.exited s => some s
        | Outcome.left s => some s
        | Outcome.stuck => none) =
        some s' ∧
      WF shapeOf s'.world ∧
        (∀ (k : Nat), k < 4096 → chase s'.world "Kappenraum" "elter" 0 (↑k) 4096 = some (Value.bool true)) ∧
          (∀ (k : Nat),
              k < 4096 →
                ¬s'.world (Place.slot "Kappenraum" (↑k) "elter") = Value.absent ∨
                  s'.world (Place.slot "Kappenraum" (↑k) "vorheriges") = Value.absent) ∧
            (∀ (k : Nat), k < 4096 → chase s'.world "Kappenraum" "elter" 0 (↑k) 4096 = some (Value.bool true)) ∧
              s'.world (Place.slot "Kappenraum" w_s "elter") = Value.absent ∧
                s'.world (Place.slot "Kappenraum" w_s "vorheriges") = Value.absent ∧
                  s'.world (Place.slot "Kappenraum" w_s "naechstes") = Value.absent
case inr.inr.inr
ρ : Env
s : State
hwf : WF shapeOf s.world
hpre : eval s aushaengen_pre = some (Value.bool true)
w_s : Int
e_s : s.local' "s" = Value.int w_s
n_Kappenraum_vorheriges_s : Int
h_Kappenraum_vorheriges_s : s.world (Place.slot "Kappenraum" w_s "vorheriges") = Value.present n_Kappenraum_vorheriges_s
n_Kappenraum_naechstes_s : Int
h_Kappenraum_naechstes_s : s.world (Place.slot "Kappenraum" w_s "naechstes") = Value.present n_Kappenraum_naechstes_s
n_Kappenraum_elter_s : Int
h_Kappenraum_elter_s : s.world (Place.slot "Kappenraum" w_s "elter") = Value.present n_Kappenraum_elter_s
⊢ ∃ s',
    (match
          match
            match
              some
                (store s.world (Place.slot "Kappenraum" n_Kappenraum_vorheriges_s "naechstes")
                  (Value.present n_Kappenraum_naechstes_s) (Place.slot "Kappenraum" w_s "naechstes")) with
            | some (Value.present k) =>
              Outcome.running
                {
                  world :=
                    store
                      (store s.world (Place.slot "Kappenraum" n_Kappenraum_vorheriges_s "naechstes")
                        (Value.present n_Kappenraum_naechstes_s))
                      (Place.slot "Kappenraum" k "vorheriges") (Value.present n_Kappenraum_vorheriges_s),
                  local' := bindLocal (bindLocal s.local' "p" (Value.int n_Kappenraum_vorheriges_s)) "n" (Value.int k) }
            | some Value.absent =>
              Outcome.running
                {
                  world :=
                    store s.world (Place.slot "Kappenraum" n_Kappenraum_vorheriges_s "naechstes")
                      (Value.present n_Kappenraum_naechstes_s),
                  local' := bindLocal s.local' "p" (Value.int n_Kappenraum_vorheriges_s) }
            | x => Outcome.stuck with
          | Outcome.running s' =>
            match
              match some (s'.local' "s"), some Value.absent with
              | some (Value.int k), some v =>
                Outcome.running { world := store s'.world (Place.slot "Kappenraum" k "elter") v, local' := s'.local' }
              | x, x_1 => Outcome.stuck with
            | Outcome.running s' =>
              match
                match some (s'.local' "s"), some Value.absent with
                | some (Value.int k), some v =>
                  Outcome.running
                    { world := store s'.world (Place.slot "Kappenraum" k "erstes_kind") v, local' := s'.local' }
                | x, x_1 => Outcome.stuck with
              | Outcome.running s' =>
                match
                  match some (s'.local' "s"), some Value.absent with
                  | some (Value.int k), some v =>
                    Outcome.running
                      { world := store s'.world (Place.slot "Kappenraum" k "naechstes") v, local' := s'.local' }
                  | x, x_1 => Outcome.stuck with
                | Outcome.running s' =>
                  match
                    match some (s'.local' "s"), some Value.absent with
                    | some (Value.int k), some v =>
                      Outcome.running
                        { world := store s'.world (Place.slot "Kappenraum" k "vorheriges") v, local' := s'.local' }
                    | x, x_1 => Outcome.stuck with
                  | Outcome.running s' => Outcome.running s'
                  | o => o
                | o => o
              | o => o
            | o => o
          | o => o with
        | Outcome.running s => some s
        | Outcome.returned s v => some s
        | Outcome.exited s => some s
        | Outcome.left s => some s
        | Outcome.stuck => none) =
        some s' ∧
      WF shapeOf s'.world ∧
        (∀ (k : Nat), k < 4096 → chase s'.world "Kappenraum" "elter" 0 (↑k) 4096 = some (Value.bool true)) ∧
          (∀ (k : Nat),
              k < 4096 →
                ¬s'.world (Place.slot "Kappenraum" (↑k) "elter") = Value.absent ∨
                  s'.world (Place.slot "Kappenraum" (↑k) "vorheriges") = Value.absent) ∧
            (∀ (k : Nat), k < 4096 → chase s'.world "Kappenraum" "elter" 0 (↑k) 4096 = some (Value.bool true)) ∧
              s'.world (Place.slot "Kappenraum" w_s "elter") = Value.absent ∧
                s'.world (Place.slot "Kappenraum" w_s "vorheriges") = Value.absent ∧
                  s'.world (Place.slot "Kappenraum" w_s "naechstes") = Value.absent
T01.lean:170:8: warning: declaration uses `sorry`
T01.lean:209:40: warning: Variable name `r` is not explicitly referenced.
T01.lean:223:5: warning: Variable name `hwf` is not explicitly referenced.
T01.lean:225:5: warning: Variable name `hpre` is not explicitly referenced.
T01.lean:227:5: warning: Variable name `c_aushaengen` is not explicitly referenced.
T01.lean:229:5: warning: Variable name `fr_aushaengen` is not explicitly referenced.
T01.lean:231:5: warning: Variable name `c_speicher_freigeben` is not explicitly referenced.
T01.lean:233:5: warning: Variable name `fr_speicher_freigeben` is not explicitly referenced.
ρ : Env
s : State
hwf : WF shapeOf s.world
hpre : eval s blatt_loeschen_pre = some (Value.bool true)
c_aushaengen : Contract ρ "aushaengen" aushaengen_requires aushaengen_post
fr_aushaengen : Frame ρ "aushaengen" aushaengen_writes
c_speicher_freigeben : Contract ρ "speicher_freigeben" speicher_freigeben_requires speicher_freigeben_post
fr_speicher_freigeben : Frame ρ "speicher_freigeben" speicher_freigeben_writes
w_s : Int
e_s : s.local' "s" = Value.int w_s
n_Kappenraum_objekt_s : Int
h_Kappenraum_objekt_s : s.world (Place.slot "Kappenraum" w_s "objekt") = Value.int n_Kappenraum_objekt_s
n_Kappenraum_benutzt_s : Bool
h_Kappenraum_benutzt_s : s.world (Place.slot "Kappenraum" w_s "benutzt") = Value.bool n_Kappenraum_benutzt_s
⊢ ∃ s',
    (match
          match
            match
              match some (Value.bool true),
                match some (Value.bool true),
                  match some (Value.bool n_Kappenraum_benutzt_s),
                    match allBelow (fun k => chase s.world "Kappenraum" "elter" 0 (↑k) 4096) 4096,
                      match
                        allBelow
                          (fun k =>
                            some
                              (Value.bool
                                (!decide (s.world (Place.slot "Kappenraum" (↑k) "elter") = Value.absent) ||
                                  decide (s.world (Place.slot "Kappenraum" (↑k) "vorheriges") = Value.absent))))
                          4096,
                        allBelow (fun k => chase s.world "Kappenraum" "elter" 0 (↑k) 4096) 4096 with
                      | some x, some y =>
                        match BinOp.and, x, y with
                        | BinOp.add, Value.int a, Value.int b => some (Value.int (a + b))
                        | BinOp.sub, Value.int a, Value.int b => some (Value.int (a - b))
                        | BinOp.mul, Value.int a, Value.int b => some (Value.int (a * b))
                        | BinOp.div, Value.int a, Value.int b => if b = 0 then none else some (Value.int (a.tdiv b))
                        | BinOp.rem, Value.int a, Value.int b => if b = 0 then none else some (Value.int (a.tmod b))
                        | BinOp.band, Value.int a, Value.int b =>
                          if 0 ≤ a ∧ 0 ≤ b then some (Value.int ↑(a.toNat &&& b.toNat)) else none
                        | BinOp.bor, Value.int a, Value.int b =>
                          if 0 ≤ a ∧ 0 ≤ b then some (Value.int ↑(a.toNat ||| b.toNat)) else none
                        | BinOp.bxor, Value.int a, Value.int b =>
                          if 0 ≤ a ∧ 0 ≤ b then some (Value.int ↑(a.toNat ^^^ b.toNat)) else none
                        | BinOp.shl, Value.int a, Value.int b =>
                          if 0 ≤ a ∧ 0 ≤ b then some (Value.int (a * 2 ^ b.toNat)) else none
                        | BinOp.shr, Value.int a, Value.int b =>
                          if 0 ≤ a ∧ 0 ≤ b then some (Value.int (a.tdiv (2 ^ b.toNat))) else none
                        | BinOp.lt, Value.int a, Value.int b => some (Value.bool (decide (a < b)))
                        | BinOp.le, Value.int a, Value.int b => some (Value.bool (decide (a ≤ b)))
                        | BinOp.gt, Value.int a, Value.int b => some (Value.bool (decide (b < a)))
                        | BinOp.ge, Value.int a, Value.int b => some (Value.bool (decide (b ≤ a)))
                        | BinOp.and, Value.bool x, Value.bool y => some (Value.bool (x && y))
                        | BinOp.or, Value.bool x, Value.bool y => some (Value.bool (x || y))
                        | BinOp.eq, x, y => some (Value.bool (decide (x = y)))
                        | BinOp.ne, x, y => some (Value.bool !decide (x = y))
                        | x, x_1, x_2 => none
                      | x, x_1 => none with
                    | some x, some y =>
                      match BinOp.and, x, y with
                      | BinOp.add, Value.int a, Value.int b => some (Value.int (a + b))
                      | BinOp.sub, Value.int a, Value.int b => some (Value.int (a - b))
                      | BinOp.mul, Value.int a, Value.int b => some (Value.int (a * b))
                      | BinOp.div, Value.int a, Value.int b => if b = 0 then none else some (Value.int (a.tdiv b))
                      | BinOp.rem, Value.int a, Value.int b => if b = 0 then none else some (Value.int (a.tmod b))
                      | BinOp.band, Value.int a, Value.int b =>
                        if 0 ≤ a ∧ 0 ≤ b then some (Value.int ↑(a.toNat &&& b.toNat)) else none
                      | BinOp.bor, Value.int a, Value.int b =>
                        if 0 ≤ a ∧ 0 ≤ b then some (Value.int ↑(a.toNat ||| b.toNat)) else none
                      | BinOp.bxor, Value.int a, Value.int b =>
                        if 0 ≤ a ∧ 0 ≤ b then some (Value.int ↑(a.toNat ^^^ b.toNat)) else none
                      | BinOp.shl, Value.int a, Value.int b =>
                        if 0 ≤ a ∧ 0 ≤ b then some (Value.int (a * 2 ^ b.toNat)) else none
                      | BinOp.shr, Value.int a, Value.int b =>
                        if 0 ≤ a ∧ 0 ≤ b then some (Value.int (a.tdiv (2 ^ b.toNat))) else none
                      | BinOp.lt, Value.int a, Value.int b => some (Value.bool (decide (a < b)))
                      | BinOp.le, Value.int a, Value.int b => some (Value.bool (decide (a ≤ b)))
                      | BinOp.gt, Value.int a, Value.int b => some (Value.bool (decide (b < a)))
                      | BinOp.ge, Value.int a, Value.int b => some (Value.bool (decide (b ≤ a)))
                      | BinOp.and, Value.bool x, Value.bool y => some (Value.bool (x && y))
                      | BinOp.or, Value.bool x, Value.bool y => some (Value.bool (x || y))
                      | BinOp.eq, x, y => some (Value.bool (decide (x = y)))
                      | BinOp.ne, x, y => some (Value.bool !decide (x = y))
                      | x, x_1, x_2 => none
                    | x, x_1 => none with
                  | some x, some y =>
                    match BinOp.and, x, y with
                    | BinOp.add, Value.int a, Value.int b => some (Value.int (a + b))
                    | BinOp.sub, Value.int a, Value.int b => some (Value.int (a - b))
                    | BinOp.mul, Value.int a, Value.int b => some (Value.int (a * b))
                    | BinOp.div, Value.int a, Value.int b => if b = 0 then none else some (Value.int (a.tdiv b))
                    | BinOp.rem, Value.int a, Value.int b => if b = 0 then none else some (Value.int (a.tmod b))
                    | BinOp.band, Value.int a, Value.int b =>
                      if 0 ≤ a ∧ 0 ≤ b then some (Value.int ↑(a.toNat &&& b.toNat)) else none
                    | BinOp.bor, Value.int a, Value.int b =>
                      if 0 ≤ a ∧ 0 ≤ b then some (Value.int ↑(a.toNat ||| b.toNat)) else none
                    | BinOp.bxor, Value.int a, Value.int b =>
                      if 0 ≤ a ∧ 0 ≤ b then some (Value.int ↑(a.toNat ^^^ b.toNat)) else none
                    | BinOp.shl, Value.int a, Value.int b =>
                      if 0 ≤ a ∧ 0 ≤ b then some (Value.int (a * 2 ^ b.toNat)) else none
                    | BinOp.shr, Value.int a, Value.int b =>
                      if 0 ≤ a ∧ 0 ≤ b then some (Value.int (a.tdiv (2 ^ b.toNat))) else none
                    | BinOp.lt, Value.int a, Value.int b => some (Value.bool (decide (a < b)))
                    | BinOp.le, Value.int a, Value.int b => some (Value.bool (decide (a ≤ b)))
                    | BinOp.gt, Value.int a, Value.int b => some (Value.bool (decide (b < a)))
                    | BinOp.ge, Value.int a, Value.int b => some (Value.bool (decide (b ≤ a)))
                    | BinOp.and, Value.bool x, Value.bool y => some (Value.bool (x && y))
                    | BinOp.or, Value.bool x, Value.bool y => some (Value.bool (x || y))
                    | BinOp.eq, x, y => some (Value.bool (decide (x = y)))
                    | BinOp.ne, x, y => some (Value.bool !decide (x = y))
                    | x, x_1, x_2 => none
                  | x, x_1 => none with
                | some x, some y =>
                  match BinOp.and, x, y with
                  | BinOp.add, Value.int a, Value.int b => some (Value.int (a + b))
                  | BinOp.sub, Value.int a, Value.int b => some (Value.int (a - b))
                  | BinOp.mul, Value.int a, Value.int b => some (Value.int (a * b))
                  | BinOp.div, Value.int a, Value.int b => if b = 0 then none else some (Value.int (a.tdiv b))
                  | BinOp.rem, Value.int a, Value.int b => if b = 0 then none else some (Value.int (a.tmod b))
                  | BinOp.band, Value.int a, Value.int b =>
                    if 0 ≤ a ∧ 0 ≤ b then some (Value.int ↑(a.toNat &&& b.toNat)) else none
                  | BinOp.bor, Value.int a, Value.int b =>
                    if 0 ≤ a ∧ 0 ≤ b then some (Value.int ↑(a.toNat ||| b.toNat)) else none
                  | BinOp.bxor, Value.int a, Value.int b =>
                    if 0 ≤ a ∧ 0 ≤ b then some (Value.int ↑(a.toNat ^^^ b.toNat)) else none
                  | BinOp.shl, Value.int a, Value.int b =>
                    if 0 ≤ a ∧ 0 ≤ b then some (Value.int (a * 2 ^ b.toNat)) else none
                  | BinOp.shr, Value.int a, Value.int b =>
                    if 0 ≤ a ∧ 0 ≤ b then some (Value.int (a.tdiv (2 ^ b.toNat))) else none
                  | BinOp.lt, Value.int a, Value.int b => some (Value.bool (decide (a < b)))
                  | BinOp.le, Value.int a, Value.int b => some (Value.bool (decide (a ≤ b)))
                  | BinOp.gt, Value.int a, Value.int b => some (Value.bool (decide (b < a)))
                  | BinOp.ge, Value.int a, Value.int b => some (Value.bool (decide (b ≤ a)))
                  | BinOp.and, Value.bool x, Value.bool y => some (Value.bool (x && y))
                  | BinOp.or, Value.bool x, Value.bool y => some (Value.bool (x || y))
                  | BinOp.eq, x, y => some (Value.bool (decide (x = y)))
                  | BinOp.ne, x, y => some (Value.bool !decide (x = y))
                  | x, x_1, x_2 => none
                | x, x_1 => none with
              | some x, some y =>
                match BinOp.and, x, y with
                | BinOp.add, Value.int a, Value.int b => some (Value.int (a + b))
                | BinOp.sub, Value.int a, Value.int b => some (Value.int (a - b))
                | BinOp.mul, Value.int a, Value.int b => some (Value.int (a * b))
                | BinOp.div, Value.int a, Value.int b => if b = 0 then none else some (Value.int (a.tdiv b))
                | BinOp.rem, Value.int a, Value.int b => if b = 0 then none else some (Value.int (a.tmod b))
                | BinOp.band, Value.int a, Value.int b =>
                  if 0 ≤ a ∧ 0 ≤ b then some (Value.int ↑(a.toNat &&& b.toNat)) else none
                | BinOp.bor, Value.int a, Value.int b =>
                  if 0 ≤ a ∧ 0 ≤ b then some (Value.int ↑(a.toNat ||| b.toNat)) else none
                | BinOp.bxor, Value.int a, Value.int b =>
                  if 0 ≤ a ∧ 0 ≤ b then some (Value.int ↑(a.toNat ^^^ b.toNat)) else none
                | BinOp.shl, Value.int a, Value.int b =>
                  if 0 ≤ a ∧ 0 ≤ b then some (Value.int (a * 2 ^ b.toNat)) else none
                | BinOp.shr, Value.int a, Value.int b =>
                  if 0 ≤ a ∧ 0 ≤ b then some (Value.int (a.tdiv (2 ^ b.toNat))) else none
                | BinOp.lt, Value.int a, Value.int b => some (Value.bool (decide (a < b)))
                | BinOp.le, Value.int a, Value.int b => some (Value.bool (decide (a ≤ b)))
                | BinOp.gt, Value.int a, Value.int b => some (Value.bool (decide (b < a)))
                | BinOp.ge, Value.int a, Value.int b => some (Value.bool (decide (b ≤ a)))
                | BinOp.and, Value.bool x, Value.bool y => some (Value.bool (x && y))
                | BinOp.or, Value.bool x, Value.bool y => some (Value.bool (x || y))
                | BinOp.eq, x, y => some (Value.bool (decide (x = y)))
                | BinOp.ne, x, y => some (Value.bool !decide (x = y))
                | x, x_1, x_2 => none
              | x, x_1 => none with
            | some (Value.bool true) =>
              Outcome.running
                {
                  world :=
                    (ρ "aushaengen"
                          { world := s.world,
                            local' :=
                              bindLocal (bindLocal (fun x => Value.absent) "c" (s.local' "c")) "s"
                                (Value.int w_s) }).fst.world,
                  local' := bindLocal s.local' "obj" (Value.int n_Kappenraum_objekt_s) }
            | x => Outcome.stuck with
          | Outcome.running s' =>
            match
              match some (s'.local' "s"),
                match
                  match
                    match some (s'.local' "s") with
                    | some (Value.int k) => some (s'.world (Place.slot "Kappenraum" k "marke"))
                    | x => none,
                    some (Value.int 1) with
                  | some x, some y =>
                    match BinOp.add, x, y with
                    | BinOp.add, Value.int a, Value.int b => some (Value.int (a + b))
                    | BinOp.sub, Value.int a, Value.int b => some (Value.int (a - b))
                    | BinOp.mul, Value.int a, Value.int b => some (Value.int (a * b))
                    | BinOp.div, Value.int a, Value.int b => if b = 0 then none else some (Value.int (a.tdiv b))
                    | BinOp.rem, Value.int a, Value.int b => if b = 0 then none else some (Value.int (a.tmod b))
                    | BinOp.band, Value.int a, Value.int b =>
                      if 0 ≤ a ∧ 0 ≤ b then some (Value.int ↑(a.toNat &&& b.toNat)) else none
                    | BinOp.bor, Value.int a, Value.int b =>
                      if 0 ≤ a ∧ 0 ≤ b then some (Value.int ↑(a.toNat ||| b.toNat)) else none
                    | BinOp.bxor, Value.int a, Value.int b =>
                      if 0 ≤ a ∧ 0 ≤ b then some (Value.int ↑(a.toNat ^^^ b.toNat)) else none
                    | BinOp.shl, Value.int a, Value.int b =>
                      if 0 ≤ a ∧ 0 ≤ b then some (Value.int (a * 2 ^ b.toNat)) else none
                    | BinOp.shr, Value.int a, Value.int b =>
                      if 0 ≤ a ∧ 0 ≤ b then some (Value.int (a.tdiv (2 ^ b.toNat))) else none
                    | BinOp.lt, Value.int a, Value.int b => some (Value.bool (decide (a < b)))
                    | BinOp.le, Value.int a, Value.int b => some (Value.bool (decide (a ≤ b)))
                    | BinOp.gt, Value.int a, Value.int b => some (Value.bool (decide (b < a)))
                    | BinOp.ge, Value.int a, Value.int b => some (Value.bool (decide (b ≤ a)))
                    | BinOp.and, Value.bool x, Value.bool y => some (Value.bool (x && y))
                    | BinOp.or, Value.bool x, Value.bool y => some (Value.bool (x || y))
                    | BinOp.eq, x, y => some (Value.bool (decide (x = y)))
                    | BinOp.ne, x, y => some (Value.bool !decide (x = y))
                    | x, x_1, x_2 => none
                  | x, x_1 => none with
                | some (Value.int n) => some (Value.int (n % 4294967296))
                | x => none with
              | some (Value.int k), some v =>
                Outcome.running { world := store s'.world (Place.slot "Kappenraum" k "marke") v, local' := s'.local' }
              | x, x_1 => Outcome.stuck with
            | Outcome.running s' =>
              match
                match some (s'.local' "s"), some (Value.bool false) with
                | some (Value.int k), some v =>
                  Outcome.running
                    { world := store s'.world (Place.slot "Kappenraum" k "benutzt") v, local' := s'.local' }
                | x, x_1 => Outcome.stuck with
              | Outcome.running s' =>
                match
                  match
                    match
                      match some (s'.local' "obj") with
                      | some (Value.int k) => some (s'.world (Place.slot "Objekte" k "zaehler"))
                      | x => none,
                      some (Value.int 1) with
                    | some x, some y =>
                      match BinOp.ge, x, y with
                      | BinOp.add, Value.int a, Value.int b => some (Value.int (a + b))
                      | BinOp.sub, Value.int a, Value.int b => some (Value.int (a - b))
                      | BinOp.mul, Value.int a, Value.int b => some (Value.int (a * b))
                      | BinOp.div, Value.int a, Value.int b => if b = 0 then none else some (Value.int (a.tdiv b))
                      | BinOp.rem, Value.int a, Value.int b => if b = 0 then none else some (Value.int (a.tmod b))
                      | BinOp.band, Value.int a, Value.int b =>
                        if 0 ≤ a ∧ 0 ≤ b then some (Value.int ↑(a.toNat &&& b.toNat)) else none
                      | BinOp.bor, Value.int a, Value.int b =>
                        if 0 ≤ a ∧ 0 ≤ b then some (Value.int ↑(a.toNat ||| b.toNat)) else none
                      | BinOp.bxor, Value.int a, Value.int b =>
                        if 0 ≤ a ∧ 0 ≤ b then some (Value.int ↑(a.toNat ^^^ b.toNat)) else none
                      | BinOp.shl, Value.int a, Value.int b =>
                        if 0 ≤ a ∧ 0 ≤ b then some (Value.int (a * 2 ^ b.toNat)) else none
                      | BinOp.shr, Value.int a, Value.int b =>
                        if 0 ≤ a ∧ 0 ≤ b then some (Value.int (a.tdiv (2 ^ b.toNat))) else none
                      | BinOp.lt, Value.int a, Value.int b => some (Value.bool (decide (a < b)))
                      | BinOp.le, Value.int a, Value.int b => some (Value.bool (decide (a ≤ b)))
                      | BinOp.gt, Value.int a, Value.int b => some (Value.bool (decide (b < a)))
                      | BinOp.ge, Value.int a, Value.int b => some (Value.bool (decide (b ≤ a)))
                      | BinOp.and, Value.bool x, Value.bool y => some (Value.bool (x && y))
                      | BinOp.or, Value.bool x, Value.bool y => some (Value.bool (x || y))
                      | BinOp.eq, x, y => some (Value.bool (decide (x = y)))
                      | BinOp.ne, x, y => some (Value.bool !decide (x = y))
                      | x, x_1, x_2 => none
                    | x, x_1 => none with
                  | some (Value.bool true) =>
                    match
                      match some (s'.local' "obj"),
                        match
                          match some (s'.local' "obj") with
                          | some (Value.int k) => some (s'.world (Place.slot "Objekte" k "zaehler"))
                          | x => none,
                          some (Value.int 1) with
                        | some x, some y =>
                          match BinOp.sub, x, y with
                          | BinOp.add, Value.int a, Value.int b => some (Value.int (a + b))
                          | BinOp.sub, Value.int a, Value.int b => some (Value.int (a - b))
                          | BinOp.mul, Value.int a, Value.int b => some (Value.int (a * b))
                          | BinOp.div, Value.int a, Value.int b => if b = 0 then none else some (Value.int (a.tdiv b))
                          | BinOp.rem, Value.int a, Value.int b => if b = 0 then none else some (Value.int (a.tmod b))
                          | BinOp.band, Value.int a, Value.int b =>
                            if 0 ≤ a ∧ 0 ≤ b then some (Value.int ↑(a.toNat &&& b.toNat)) else none
                          | BinOp.bor, Value.int a, Value.int b =>
                            if 0 ≤ a ∧ 0 ≤ b then some (Value.int ↑(a.toNat ||| b.toNat)) else none
                          | BinOp.bxor, Value.int a, Value.int b =>
                            if 0 ≤ a ∧ 0 ≤ b then some (Value.int ↑(a.toNat ^^^ b.toNat)) else none
                          | BinOp.shl, Value.int a, Value.int b =>
                            if 0 ≤ a ∧ 0 ≤ b then some (Value.int (a * 2 ^ b.toNat)) else none
                          | BinOp.shr, Value.int a, Value.int b =>
                            if 0 ≤ a ∧ 0 ≤ b then some (Value.int (a.tdiv (2 ^ b.toNat))) else none
                          | BinOp.lt, Value.int a, Value.int b => some (Value.bool (decide (a < b)))
                          | BinOp.le, Value.int a, Value.int b => some (Value.bool (decide (a ≤ b)))
                          | BinOp.gt, Value.int a, Value.int b => some (Value.bool (decide (b < a)))
                          | BinOp.ge, Value.int a, Value.int b => some (Value.bool (decide (b ≤ a)))
                          | BinOp.and, Value.bool x, Value.bool y => some (Value.bool (x && y))
                          | BinOp.or, Value.bool x, Value.bool y => some (Value.bool (x || y))
                          | BinOp.eq, x, y => some (Value.bool (decide (x = y)))
                          | BinOp.ne, x, y => some (Value.bool !decide (x = y))
                          | x, x_1, x_2 => none
                        | x, x_1 => none with
                      | some (Value.int k), some v =>
                        Outcome.running
                          { world := store s'.world (Place.slot "Objekte" k "zaehler") v, local' := s'.local' }
                      | x, x_1 => Outcome.stuck with
                    | Outcome.running s' => Outcome.running s'
                    | o => o
                  | some (Value.bool false) => Outcome.running s'
                  | x => Outcome.stuck with
                | Outcome.running s' =>
                  match
                    match
                      match
                        match some (s'.local' "obj") with
                        | some (Value.int k) => some (s'.world (Place.slot "Objekte" k "zaehler"))
                        | x => none,
                        some (Value.int 0) with
                      | some x, some y => some (Value.bool (decide (x = y)))
                      | x, x_1 => none with
                    | some (Value.bool true) =>
                      match
                        match
                          match some (s'.local' "obj") with
                          | some (Value.int k) => some (s'.world (Place.slot "Objekte" k "art"))
                          | x => none with
                        | some (Value.tagged x p) =>
                          if "Speicher" = x then
                            match some "p", p with
                            | some v, some k =>
                              Outcome.running
                                {
                                  world :=
                                    (ρ "speicher_freigeben"
                                          { world := s'.world,
                                            local' :=
                                              bindLocal (fun x => Value.absent) "p"
                                                (if "p" = v then Value.int k else s'.local' "p") }).fst.world,
                                  local' := bindLocal s'.local' v (Value.int k) }
                            | none, x =>
                              Outcome.running
                                {
                                  world :=
                                    (ρ "speicher_freigeben"
                                          { world := s'.world,
                                            local' :=
                                              bindLocal (fun x => Value.absent) "p" (s'.local' "p") }).fst.world,
                                  local' := s'.local' }
                            | some val, none => Outcome.stuck
                          else
                            if "Endpunkt" = x then
                              match some "e", p with
                              | some v, some k =>
                                Outcome.running { world := s'.world, local' := bindLocal s'.local' v (Value.int k) }
                              | none, x => Outcome.running s'
                              | some val, none => Outcome.stuck
                            else
                              if "Faden" = x then
                                match some "f", p with
                                | some v, some k =>
                                  Outcome.running { world := s'.world, local' := bindLocal s'.local' v (Value.int k) }
                                | none, x => Outcome.running s'
                                | some val, none => Outcome.stuck
                              else
                                if "Antwort" = x then
                                  match some "a", p with
                                  | some v, some k =>
                                    Outcome.running { world := s'.world, local' := bindLocal s'.local' v (Value.int k) }
                                  | none, x => Outcome.running s'
                                  | some val, none => Outcome.stuck
                                else Outcome.stuck
                        | x => Outcome.stuck with
                      | Outcome.running s' =>
                        match
                          match some (s'.local' "obj"), some (Value.bool false) with
                          | some (Value.int k), some v =>
                            Outcome.running
                              { world := store s'.world (Place.slot "Objekte" k "benutzt") v, local' := s'.local' }
                          | x, x_1 => Outcome.stuck with
                        | Outcome.running s' => Outcome.running s'
                        | o => o
                      | o => o
                    | some (Value.bool false) => Outcome.running s'
                    | x => Outcome.stuck with
                  | Outcome.running s' => Outcome.running s'
                  | o => o
                | o => o
              | o => o
            | o => o
          | o => o with
        | Outcome.running s => some s
        | Outcome.returned s v => some s
        | Outcome.exited s => some s
        | Outcome.left s => some s
        | Outcome.stuck => none) =
        some s' ∧
      WF shapeOf s'.world ∧
        (∀ (k : Nat), k < 4096 → chase s'.world "Kappenraum" "elter" 0 (↑k) 4096 = some (Value.bool true)) ∧
          (∀ (k : Nat),
              k < 4096 →
                ¬s'.world (Place.slot "Kappenraum" (↑k) "elter") = Value.absent ∨
                  s'.world (Place.slot "Kappenraum" (↑k) "vorheriges") = Value.absent) ∧
            (∀ (k : Nat), k < 4096 → chase s'.world "Kappenraum" "elter" 0 (↑k) 4096 = some (Value.bool true)) ∧
              (match UnOp.not, s'.world (Place.slot "Kappenraum" w_s "benutzt") with
                | UnOp.not, Value.bool t => some (Value.bool !t)
                | UnOp.neg, Value.int n => some (Value.int (-n))
                | x, x_1 => none) =
                some (Value.bool true)
T01.lean:237:8: warning: declaration uses `sorry`
T01.lean:275:21: warning: Variable name `s` is not explicitly referenced.
T01.lean:275:36: warning: Variable name `r` is not explicitly referenced.
T01.lean:291:5: warning: Variable name `hwf` is not explicitly referenced.
T01.lean:292:5: warning: Variable name `hinv` is not explicitly referenced.
T01.lean:293:5: warning: Variable name `c_blatt_loeschen` is not explicitly referenced.
T01.lean:294:5: warning: Variable name `fr_blatt_loeschen` is not explicitly referenced.
ρ : Env
t : State
k : Int
hwf : WF shapeOf t.world
hinv : eval t einsammeln_loop_1_inv = some (Value.bool true)
c_blatt_loeschen : Contract ρ "blatt_loeschen" blatt_loeschen_requires blatt_loeschen_post
fr_blatt_loeschen : Frame ρ "blatt_loeschen" blatt_loeschen_writes
w_s : Int
e_s : t.local' "s" = Value.int w_s
⊢ ∃ t',
    (match
          match
            match
              match some (Value.bool true),
                match some (Value.bool true),
                  match some (t.world (Place.slot "Kappenraum" k "benutzt")),
                    match
                      match BinOp.and, t.world (Place.slot "Kappenraum" k "benutzt"),
                        Value.bool (decide (t.world (Place.slot "Kappenraum" k "erstes_kind") = Value.absent)) with
                      | BinOp.add, Value.int a, Value.int b => some (Value.int (a + b))
                      | BinOp.sub, Value.int a, Value.int b => some (Value.int (a - b))
                      | BinOp.mul, Value.int a, Value.int b => some (Value.int (a * b))
                      | BinOp.div, Value.int a, Value.int b => if b = 0 then none else some (Value.int (a.tdiv b))
                      | BinOp.rem, Value.int a, Value.int b => if b = 0 then none else some (Value.int (a.tmod b))
                      | BinOp.band, Value.int a, Value.int b =>
                        if 0 ≤ a ∧ 0 ≤ b then some (Value.int ↑(a.toNat &&& b.toNat)) else none
                      | BinOp.bor, Value.int a, Value.int b =>
                        if 0 ≤ a ∧ 0 ≤ b then some (Value.int ↑(a.toNat ||| b.toNat)) else none
                      | BinOp.bxor, Value.int a, Value.int b =>
                        if 0 ≤ a ∧ 0 ≤ b then some (Value.int ↑(a.toNat ^^^ b.toNat)) else none
                      | BinOp.shl, Value.int a, Value.int b =>
                        if 0 ≤ a ∧ 0 ≤ b then some (Value.int (a * 2 ^ b.toNat)) else none
                      | BinOp.shr, Value.int a, Value.int b =>
                        if 0 ≤ a ∧ 0 ≤ b then some (Value.int (a.tdiv (2 ^ b.toNat))) else none
                      | BinOp.lt, Value.int a, Value.int b => some (Value.bool (decide (a < b)))
                      | BinOp.le, Value.int a, Value.int b => some (Value.bool (decide (a ≤ b)))
                      | BinOp.gt, Value.int a, Value.int b => some (Value.bool (decide (b < a)))
                      | BinOp.ge, Value.int a, Value.int b => some (Value.bool (decide (b ≤ a)))
                      | BinOp.and, Value.bool x, Value.bool y => some (Value.bool (x && y))
                      | BinOp.or, Value.bool x, Value.bool y => some (Value.bool (x || y))
                      | BinOp.eq, x, y => some (Value.bool (decide (x = y)))
                      | BinOp.ne, x, y => some (Value.bool !decide (x = y))
                      | x, x_1, x_2 => none,
                      match allBelow (fun k => chase t.world "Kappenraum" "elter" 0 (↑k) 4096) 4096,
                        match
                          allBelow
                            (fun k =>
                              some
                                (Value.bool
                                  (!decide (t.world (Place.slot "Kappenraum" (↑k) "elter") = Value.absent) ||
                                    decide (t.world (Place.slot "Kappenraum" (↑k) "vorheriges") = Value.absent))))
                            4096,
                          allBelow (fun k => chase t.world "Kappenraum" "elter" 0 (↑k) 4096) 4096 with
                        | some x, some y =>
                          match BinOp.and, x, y with
                          | BinOp.add, Value.int a, Value.int b => some (Value.int (a + b))
                          | BinOp.sub, Value.int a, Value.int b => some (Value.int (a - b))
                          | BinOp.mul, Value.int a, Value.int b => some (Value.int (a * b))
                          | BinOp.div, Value.int a, Value.int b => if b = 0 then none else some (Value.int (a.tdiv b))
                          | BinOp.rem, Value.int a, Value.int b => if b = 0 then none else some (Value.int (a.tmod b))
                          | BinOp.band, Value.int a, Value.int b =>
                            if 0 ≤ a ∧ 0 ≤ b then some (Value.int ↑(a.toNat &&& b.toNat)) else none
                          | BinOp.bor, Value.int a, Value.int b =>
                            if 0 ≤ a ∧ 0 ≤ b then some (Value.int ↑(a.toNat ||| b.toNat)) else none
                          | BinOp.bxor, Value.int a, Value.int b =>
                            if 0 ≤ a ∧ 0 ≤ b then some (Value.int ↑(a.toNat ^^^ b.toNat)) else none
                          | BinOp.shl, Value.int a, Value.int b =>
                            if 0 ≤ a ∧ 0 ≤ b then some (Value.int (a * 2 ^ b.toNat)) else none
                          | BinOp.shr, Value.int a, Value.int b =>
                            if 0 ≤ a ∧ 0 ≤ b then some (Value.int (a.tdiv (2 ^ b.toNat))) else none
                          | BinOp.lt, Value.int a, Value.int b => some (Value.bool (decide (a < b)))
                          | BinOp.le, Value.int a, Value.int b => some (Value.bool (decide (a ≤ b)))
                          | BinOp.gt, Value.int a, Value.int b => some (Value.bool (decide (b < a)))
                          | BinOp.ge, Value.int a, Value.int b => some (Value.bool (decide (b ≤ a)))
                          | BinOp.and, Value.bool x, Value.bool y => some (Value.bool (x && y))
                          | BinOp.or, Value.bool x, Value.bool y => some (Value.bool (x || y))
                          | BinOp.eq, x, y => some (Value.bool (decide (x = y)))
                          | BinOp.ne, x, y => some (Value.bool !decide (x = y))
                          | x, x_1, x_2 => none
                        | x, x_1 => none with
                      | some x, some y =>
                        match BinOp.and, x, y with
                        | BinOp.add, Value.int a, Value.int b => some (Value.int (a + b))
                        | BinOp.sub, Value.int a, Value.int b => some (Value.int (a - b))
                        | BinOp.mul, Value.int a, Value.int b => some (Value.int (a * b))
                        | BinOp.div, Value.int a, Value.int b => if b = 0 then none else some (Value.int (a.tdiv b))
                        | BinOp.rem, Value.int a, Value.int b => if b = 0 then none else some (Value.int (a.tmod b))
                        | BinOp.band, Value.int a, Value.int b =>
                          if 0 ≤ a ∧ 0 ≤ b then some (Value.int ↑(a.toNat &&& b.toNat)) else none
                        | BinOp.bor, Value.int a, Value.int b =>
                          if 0 ≤ a ∧ 0 ≤ b then some (Value.int ↑(a.toNat ||| b.toNat)) else none
                        | BinOp.bxor, Value.int a, Value.int b =>
                          if 0 ≤ a ∧ 0 ≤ b then some (Value.int ↑(a.toNat ^^^ b.toNat)) else none
                        | BinOp.shl, Value.int a, Value.int b =>
                          if 0 ≤ a ∧ 0 ≤ b then some (Value.int (a * 2 ^ b.toNat)) else none
                        | BinOp.shr, Value.int a, Value.int b =>
                          if 0 ≤ a ∧ 0 ≤ b then some (Value.int (a.tdiv (2 ^ b.toNat))) else none
                        | BinOp.lt, Value.int a, Value.int b => some (Value.bool (decide (a < b)))
                        | BinOp.le, Value.int a, Value.int b => some (Value.bool (decide (a ≤ b)))
                        | BinOp.gt, Value.int a, Value.int b => some (Value.bool (decide (b < a)))
                        | BinOp.ge, Value.int a, Value.int b => some (Value.bool (decide (b ≤ a)))
                        | BinOp.and, Value.bool x, Value.bool y => some (Value.bool (x && y))
                        | BinOp.or, Value.bool x, Value.bool y => some (Value.bool (x || y))
                        | BinOp.eq, x, y => some (Value.bool (decide (x = y)))
                        | BinOp.ne, x, y => some (Value.bool !decide (x = y))
                        | x, x_1, x_2 => none
                      | x, x_1 => none with
                    | some x, some y =>
                      match BinOp.and, x, y with
                      | BinOp.add, Value.int a, Value.int b => some (Value.int (a + b))
                      | BinOp.sub, Value.int a, Value.int b => some (Value.int (a - b))
                      | BinOp.mul, Value.int a, Value.int b => some (Value.int (a * b))
                      | BinOp.div, Value.int a, Value.int b => if b = 0 then none else some (Value.int (a.tdiv b))
                      | BinOp.rem, Value.int a, Value.int b => if b = 0 then none else some (Value.int (a.tmod b))
                      | BinOp.band, Value.int a, Value.int b =>
                        if 0 ≤ a ∧ 0 ≤ b then some (Value.int ↑(a.toNat &&& b.toNat)) else none
                      | BinOp.bor, Value.int a, Value.int b =>
                        if 0 ≤ a ∧ 0 ≤ b then some (Value.int ↑(a.toNat ||| b.toNat)) else none
                      | BinOp.bxor, Value.int a, Value.int b =>
                        if 0 ≤ a ∧ 0 ≤ b then some (Value.int ↑(a.toNat ^^^ b.toNat)) else none
                      | BinOp.shl, Value.int a, Value.int b =>
                        if 0 ≤ a ∧ 0 ≤ b then some (Value.int (a * 2 ^ b.toNat)) else none
                      | BinOp.shr, Value.int a, Value.int b =>
                        if 0 ≤ a ∧ 0 ≤ b then some (Value.int (a.tdiv (2 ^ b.toNat))) else none
                      | BinOp.lt, Value.int a, Value.int b => some (Value.bool (decide (a < b)))
                      | BinOp.le, Value.int a, Value.int b => some (Value.bool (decide (a ≤ b)))
                      | BinOp.gt, Value.int a, Value.int b => some (Value.bool (decide (b < a)))
                      | BinOp.ge, Value.int a, Value.int b => some (Value.bool (decide (b ≤ a)))
                      | BinOp.and, Value.bool x, Value.bool y => some (Value.bool (x && y))
                      | BinOp.or, Value.bool x, Value.bool y => some (Value.bool (x || y))
                      | BinOp.eq, x, y => some (Value.bool (decide (x = y)))
                      | BinOp.ne, x, y => some (Value.bool !decide (x = y))
                      | x, x_1, x_2 => none
                    | x, x_1 => none with
                  | some x, some y =>
                    match BinOp.and, x, y with
                    | BinOp.add, Value.int a, Value.int b => some (Value.int (a + b))
                    | BinOp.sub, Value.int a, Value.int b => some (Value.int (a - b))
                    | BinOp.mul, Value.int a, Value.int b => some (Value.int (a * b))
                    | BinOp.div, Value.int a, Value.int b => if b = 0 then none else some (Value.int (a.tdiv b))
                    | BinOp.rem, Value.int a, Value.int b => if b = 0 then none else some (Value.int (a.tmod b))
                    | BinOp.band, Value.int a, Value.int b =>
                      if 0 ≤ a ∧ 0 ≤ b then some (Value.int ↑(a.toNat &&& b.toNat)) else none
                    | BinOp.bor, Value.int a, Value.int b =>
                      if 0 ≤ a ∧ 0 ≤ b then some (Value.int ↑(a.toNat ||| b.toNat)) else none
                    | BinOp.bxor, Value.int a, Value.int b =>
                      if 0 ≤ a ∧ 0 ≤ b then some (Value.int ↑(a.toNat ^^^ b.toNat)) else none
                    | BinOp.shl, Value.int a, Value.int b =>
                      if 0 ≤ a ∧ 0 ≤ b then some (Value.int (a * 2 ^ b.toNat)) else none
                    | BinOp.shr, Value.int a, Value.int b =>
                      if 0 ≤ a ∧ 0 ≤ b then some (Value.int (a.tdiv (2 ^ b.toNat))) else none
                    | BinOp.lt, Value.int a, Value.int b => some (Value.bool (decide (a < b)))
                    | BinOp.le, Value.int a, Value.int b => some (Value.bool (decide (a ≤ b)))
                    | BinOp.gt, Value.int a, Value.int b => some (Value.bool (decide (b < a)))
                    | BinOp.ge, Value.int a, Value.int b => some (Value.bool (decide (b ≤ a)))
                    | BinOp.and, Value.bool x, Value.bool y => some (Value.bool (x && y))
                    | BinOp.or, Value.bool x, Value.bool y => some (Value.bool (x || y))
                    | BinOp.eq, x, y => some (Value.bool (decide (x = y)))
                    | BinOp.ne, x, y => some (Value.bool !decide (x = y))
                    | x, x_1, x_2 => none
                  | x, x_1 => none with
                | some x, some y =>
                  match BinOp.and, x, y with
                  | BinOp.add, Value.int a, Value.int b => some (Value.int (a + b))
                  | BinOp.sub, Value.int a, Value.int b => some (Value.int (a - b))
                  | BinOp.mul, Value.int a, Value.int b => some (Value.int (a * b))
                  | BinOp.div, Value.int a, Value.int b => if b = 0 then none else some (Value.int (a.tdiv b))
                  | BinOp.rem, Value.int a, Value.int b => if b = 0 then none else some (Value.int (a.tmod b))
                  | BinOp.band, Value.int a, Value.int b =>
                    if 0 ≤ a ∧ 0 ≤ b then some (Value.int ↑(a.toNat &&& b.toNat)) else none
                  | BinOp.bor, Value.int a, Value.int b =>
                    if 0 ≤ a ∧ 0 ≤ b then some (Value.int ↑(a.toNat ||| b.toNat)) else none
                  | BinOp.bxor, Value.int a, Value.int b =>
                    if 0 ≤ a ∧ 0 ≤ b then some (Value.int ↑(a.toNat ^^^ b.toNat)) else none
                  | BinOp.shl, Value.int a, Value.int b =>
                    if 0 ≤ a ∧ 0 ≤ b then some (Value.int (a * 2 ^ b.toNat)) else none
                  | BinOp.shr, Value.int a, Value.int b =>
                    if 0 ≤ a ∧ 0 ≤ b then some (Value.int (a.tdiv (2 ^ b.toNat))) else none
                  | BinOp.lt, Value.int a, Value.int b => some (Value.bool (decide (a < b)))
                  | BinOp.le, Value.int a, Value.int b => some (Value.bool (decide (a ≤ b)))
                  | BinOp.gt, Value.int a, Value.int b => some (Value.bool (decide (b < a)))
                  | BinOp.ge, Value.int a, Value.int b => some (Value.bool (decide (b ≤ a)))
                  | BinOp.and, Value.bool x, Value.bool y => some (Value.bool (x && y))
                  | BinOp.or, Value.bool x, Value.bool y => some (Value.bool (x || y))
                  | BinOp.eq, x, y => some (Value.bool (decide (x = y)))
                  | BinOp.ne, x, y => some (Value.bool !decide (x = y))
                  | x, x_1, x_2 => none
                | x, x_1 => none with
              | some x, some y =>
                match BinOp.and, x, y with
                | BinOp.add, Value.int a, Value.int b => some (Value.int (a + b))
                | BinOp.sub, Value.int a, Value.int b => some (Value.int (a - b))
                | BinOp.mul, Value.int a, Value.int b => some (Value.int (a * b))
                | BinOp.div, Value.int a, Value.int b => if b = 0 then none else some (Value.int (a.tdiv b))
                | BinOp.rem, Value.int a, Value.int b => if b = 0 then none else some (Value.int (a.tmod b))
                | BinOp.band, Value.int a, Value.int b =>
                  if 0 ≤ a ∧ 0 ≤ b then some (Value.int ↑(a.toNat &&& b.toNat)) else none
                | BinOp.bor, Value.int a, Value.int b =>
                  if 0 ≤ a ∧ 0 ≤ b then some (Value.int ↑(a.toNat ||| b.toNat)) else none
                | BinOp.bxor, Value.int a, Value.int b =>
                  if 0 ≤ a ∧ 0 ≤ b then some (Value.int ↑(a.toNat ^^^ b.toNat)) else none
                | BinOp.shl, Value.int a, Value.int b =>
                  if 0 ≤ a ∧ 0 ≤ b then some (Value.int (a * 2 ^ b.toNat)) else none
                | BinOp.shr, Value.int a, Value.int b =>
                  if 0 ≤ a ∧ 0 ≤ b then some (Value.int (a.tdiv (2 ^ b.toNat))) else none
                | BinOp.lt, Value.int a, Value.int b => some (Value.bool (decide (a < b)))
                | BinOp.le, Value.int a, Value.int b => some (Value.bool (decide (a ≤ b)))
                | BinOp.gt, Value.int a, Value.int b => some (Value.bool (decide (b < a)))
                | BinOp.ge, Value.int a, Value.int b => some (Value.bool (decide (b ≤ a)))
                | BinOp.and, Value.bool x, Value.bool y => some (Value.bool (x && y))
                | BinOp.or, Value.bool x, Value.bool y => some (Value.bool (x || y))
                | BinOp.eq, x, y => some (Value.bool (decide (x = y)))
                | BinOp.ne, x, y => some (Value.bool !decide (x = y))
                | x, x_1, x_2 => none
              | x, x_1 => none with
            | some (Value.bool true) =>
              Outcome.running
                {
                  world :=
                    (ρ "blatt_loeschen"
                          { world := t.world,
                            local' :=
                              bindLocal
                                (bindLocal (bindLocal (fun x => Value.absent) "c" (t.local' "c")) "o" (t.local' "o"))
                                "s" (Value.int k) }).fst.world,
                  local' := bindLocal t.local' "opfer" (Value.int k) }
            | x => Outcome.stuck with
          | Outcome.running s' => Outcome.running s'
          | o => o with
        | Outcome.running s => some s
        | Outcome.returned s v => some s
        | Outcome.exited s => some s
        | Outcome.left s => some s
        | Outcome.stuck => none) =
        some t' ∧
      WF shapeOf t'.world ∧
        (match
            some
              (Value.bool
                (match t'.local' "s", Shape.int with
                | Value.int n, Shape.int => true
                | Value.bool t, Shape.bool => true
                | Value.absent, Shape.opt => true
                | Value.present n, Shape.opt => true
                | Value.tagged t payload, Shape.sum => true
                | x, x_1 => false)),
            match allBelow (fun k => chase t'.world "Kappenraum" "elter" 0 (↑k) 4096) 4096,
              match
                allBelow
                  (fun k =>
                    some
                      (Value.bool
                        (!decide (t'.world (Place.slot "Kappenraum" (↑k) "elter") = Value.absent) ||
                          decide (t'.world (Place.slot "Kappenraum" (↑k) "vorheriges") = Value.absent))))
                  4096,
                match allBelow (fun k => chase t'.world "Kappenraum" "elter" 0 (↑k) 4096) 4096,
                  match some (t'.local' "s") with
                  | some (Value.int k) => some (t'.world (Place.slot "Kappenraum" k "benutzt"))
                  | x => none with
                | some x, some y =>
                  match BinOp.and, x, y with
                  | BinOp.add, Value.int a, Value.int b => some (Value.int (a + b))
                  | BinOp.sub, Value.int a, Value.int b => some (Value.int (a - b))
                  | BinOp.mul, Value.int a, Value.int b => some (Value.int (a * b))
                  | BinOp.div, Value.int a, Value.int b => if b = 0 then none else some (Value.int (a.tdiv b))
                  | BinOp.rem, Value.int a, Value.int b => if b = 0 then none else some (Value.int (a.tmod b))
                  | BinOp.band, Value.int a, Value.int b =>
                    if 0 ≤ a ∧ 0 ≤ b then some (Value.int ↑(a.toNat &&& b.toNat)) else none
                  | BinOp.bor, Value.int a, Value.int b =>
                    if 0 ≤ a ∧ 0 ≤ b then some (Value.int ↑(a.toNat ||| b.toNat)) else none
                  | BinOp.bxor, Value.int a, Value.int b =>
                    if 0 ≤ a ∧ 0 ≤ b then some (Value.int ↑(a.toNat ^^^ b.toNat)) else none
                  | BinOp.shl, Value.int a, Value.int b =>
                    if 0 ≤ a ∧ 0 ≤ b then some (Value.int (a * 2 ^ b.toNat)) else none
                  | BinOp.shr, Value.int a, Value.int b =>
                    if 0 ≤ a ∧ 0 ≤ b then some (Value.int (a.tdiv (2 ^ b.toNat))) else none
                  | BinOp.lt, Value.int a, Value.int b => some (Value.bool (decide (a < b)))
                  | BinOp.le, Value.int a, Value.int b => some (Value.bool (decide (a ≤ b)))
                  | BinOp.gt, Value.int a, Value.int b => some (Value.bool (decide (b < a)))
                  | BinOp.ge, Value.int a, Value.int b => some (Value.bool (decide (b ≤ a)))
                  | BinOp.and, Value.bool x, Value.bool y => some (Value.bool (x && y))
                  | BinOp.or, Value.bool x, Value.bool y => some (Value.bool (x || y))
                  | BinOp.eq, x, y => some (Value.bool (decide (x = y)))
                  | BinOp.ne, x, y => some (Value.bool !decide (x = y))
                  | x, x_1, x_2 => none
                | x, x_1 => none with
              | some x, some y =>
                match BinOp.and, x, y with
                | BinOp.add, Value.int a, Value.int b => some (Value.int (a + b))
                | BinOp.sub, Value.int a, Value.int b => some (Value.int (a - b))
                | BinOp.mul, Value.int a, Value.int b => some (Value.int (a * b))
                | BinOp.div, Value.int a, Value.int b => if b = 0 then none else some (Value.int (a.tdiv b))
                | BinOp.rem, Value.int a, Value.int b => if b = 0 then none else some (Value.int (a.tmod b))
                | BinOp.band, Value.int a, Value.int b =>
                  if 0 ≤ a ∧ 0 ≤ b then some (Value.int ↑(a.toNat &&& b.toNat)) else none
                | BinOp.bor, Value.int a, Value.int b =>
                  if 0 ≤ a ∧ 0 ≤ b then some (Value.int ↑(a.toNat ||| b.toNat)) else none
                | BinOp.bxor, Value.int a, Value.int b =>
                  if 0 ≤ a ∧ 0 ≤ b then some (Value.int ↑(a.toNat ^^^ b.toNat)) else none
                | BinOp.shl, Value.int a, Value.int b =>
                  if 0 ≤ a ∧ 0 ≤ b then some (Value.int (a * 2 ^ b.toNat)) else none
                | BinOp.shr, Value.int a, Value.int b =>
                  if 0 ≤ a ∧ 0 ≤ b then some (Value.int (a.tdiv (2 ^ b.toNat))) else none
                | BinOp.lt, Value.int a, Value.int b => some (Value.bool (decide (a < b)))
                | BinOp.le, Value.int a, Value.int b => some (Value.bool (decide (a ≤ b)))
                | BinOp.gt, Value.int a, Value.int b => some (Value.bool (decide (b < a)))
                | BinOp.ge, Value.int a, Value.int b => some (Value.bool (decide (b ≤ a)))
                | BinOp.and, Value.bool x, Value.bool y => some (Value.bool (x && y))
                | BinOp.or, Value.bool x, Value.bool y => some (Value.bool (x || y))
                | BinOp.eq, x, y => some (Value.bool (decide (x = y)))
                | BinOp.ne, x, y => some (Value.bool !decide (x = y))
                | x, x_1, x_2 => none
              | x, x_1 => none with
            | some x, some y =>
              match BinOp.and, x, y with
              | BinOp.add, Value.int a, Value.int b => some (Value.int (a + b))
              | BinOp.sub, Value.int a, Value.int b => some (Value.int (a - b))
              | BinOp.mul, Value.int a, Value.int b => some (Value.int (a * b))
              | BinOp.div, Value.int a, Value.int b => if b = 0 then none else some (Value.int (a.tdiv b))
              | BinOp.rem, Value.int a, Value.int b => if b = 0 then none else some (Value.int (a.tmod b))
              | BinOp.band, Value.int a, Value.int b =>
                if 0 ≤ a ∧ 0 ≤ b then some (Value.int ↑(a.toNat &&& b.toNat)) else none
              | BinOp.bor, Value.int a, Value.int b =>
                if 0 ≤ a ∧ 0 ≤ b then some (Value.int ↑(a.toNat ||| b.toNat)) else none
              | BinOp.bxor, Value.int a, Value.int b =>
                if 0 ≤ a ∧ 0 ≤ b then some (Value.int ↑(a.toNat ^^^ b.toNat)) else none
              | BinOp.shl, Value.int a, Value.int b =>
                if 0 ≤ a ∧ 0 ≤ b then some (Value.int (a * 2 ^ b.toNat)) else none
              | BinOp.shr, Value.int a, Value.int b =>
                if 0 ≤ a ∧ 0 ≤ b then some (Value.int (a.tdiv (2 ^ b.toNat))) else none
              | BinOp.lt, Value.int a, Value.int b => some (Value.bool (decide (a < b)))
              | BinOp.le, Value.int a, Value.int b => some (Value.bool (decide (a ≤ b)))
              | BinOp.gt, Value.int a, Value.int b => some (Value.bool (decide (b < a)))
              | BinOp.ge, Value.int a, Value.int b => some (Value.bool (decide (b ≤ a)))
              | BinOp.and, Value.bool x, Value.bool y => some (Value.bool (x && y))
              | BinOp.or, Value.bool x, Value.bool y => some (Value.bool (x || y))
              | BinOp.eq, x, y => some (Value.bool (decide (x = y)))
              | BinOp.ne, x, y => some (Value.bool !decide (x = y))
              | x, x_1, x_2 => none
            | x, x_1 => none with
          | some x, some y =>
            match BinOp.and, x, y with
            | BinOp.add, Value.int a, Value.int b => some (Value.int (a + b))
            | BinOp.sub, Value.int a, Value.int b => some (Value.int (a - b))
            | BinOp.mul, Value.int a, Value.int b => some (Value.int (a * b))
            | BinOp.div, Value.int a, Value.int b => if b = 0 then none else some (Value.int (a.tdiv b))
            | BinOp.rem, Value.int a, Value.int b => if b = 0 then none else some (Value.int (a.tmod b))
            | BinOp.band, Value.int a, Value.int b =>
              if 0 ≤ a ∧ 0 ≤ b then some (Value.int ↑(a.toNat &&& b.toNat)) else none
            | BinOp.bor, Value.int a, Value.int b =>
              if 0 ≤ a ∧ 0 ≤ b then some (Value.int ↑(a.toNat ||| b.toNat)) else none
            | BinOp.bxor, Value.int a, Value.int b =>
              if 0 ≤ a ∧ 0 ≤ b then some (Value.int ↑(a.toNat ^^^ b.toNat)) else none
            | BinOp.shl, Value.int a, Value.int b => if 0 ≤ a ∧ 0 ≤ b then some (Value.int (a * 2 ^ b.toNat)) else none
            | BinOp.shr, Value.int a, Value.int b =>
              if 0 ≤ a ∧ 0 ≤ b then some (Value.int (a.tdiv (2 ^ b.toNat))) else none
            | BinOp.lt, Value.int a, Value.int b => some (Value.bool (decide (a < b)))
            | BinOp.le, Value.int a, Value.int b => some (Value.bool (decide (a ≤ b)))
            | BinOp.gt, Value.int a, Value.int b => some (Value.bool (decide (b < a)))
            | BinOp.ge, Value.int a, Value.int b => some (Value.bool (decide (b ≤ a)))
            | BinOp.and, Value.bool x, Value.bool y => some (Value.bool (x && y))
            | BinOp.or, Value.bool x, Value.bool y => some (Value.bool (x || y))
            | BinOp.eq, x, y => some (Value.bool (decide (x = y)))
            | BinOp.ne, x, y => some (Value.bool !decide (x = y))
            | x, x_1, x_2 => none
          | x, x_1 => none) =
          some (Value.bool true)
T01.lean:298:8: warning: declaration uses `sorry`
T01.lean:311:5: warning: Variable name `hwf` is not explicitly referenced.
T01.lean:313:5: warning: Variable name `hpre` is not explicitly referenced.
T01.lean:315:5: warning: Variable name `c_blatt_loeschen` is not explicitly referenced.
T01.lean:317:5: warning: Variable name `fr_blatt_loeschen` is not explicitly referenced.
T01.lean:319:5: warning: Variable name `l_einsammeln_loop_1` is not explicitly referenced.
ρ : Env
s : State
hwf : WF shapeOf s.world
hpre : eval s einsammeln_pre = some (Value.bool true)
c_blatt_loeschen : Contract ρ "blatt_loeschen" blatt_loeschen_requires blatt_loeschen_post
fr_blatt_loeschen : Frame ρ "blatt_loeschen" blatt_loeschen_writes
l_einsammeln_loop_1 : LoopRule ρ "einsammeln#1" wellFormed einsammeln_loop_1_inv
w_s : Int
e_s : s.local' "s" = Value.int w_s
n_Kappenraum_benutzt_s : Bool
h_Kappenraum_benutzt_s : s.world (Place.slot "Kappenraum" w_s "benutzt") = Value.bool n_Kappenraum_benutzt_s
⊢ ∃ s',
    (match
          match
            match
              match some (Value.bool true),
                match allBelow (fun k => chase s.world "Kappenraum" "elter" 0 (↑k) 4096) 4096,
                  match
                    allBelow
                      (fun k =>
                        some
                          (Value.bool
                            (!decide (s.world (Place.slot "Kappenraum" (↑k) "elter") = Value.absent) ||
                              decide (s.world (Place.slot "Kappenraum" (↑k) "vorheriges") = Value.absent))))
                      4096,
                    match allBelow (fun k => chase s.world "Kappenraum" "elter" 0 (↑k) 4096) 4096,
                      some (Value.bool n_Kappenraum_benutzt_s) with
                    | some x, some y =>
                      match BinOp.and, x, y with
                      | BinOp.add, Value.int a, Value.int b => some (Value.int (a + b))
                      | BinOp.sub, Value.int a, Value.int b => some (Value.int (a - b))
                      | BinOp.mul, Value.int a, Value.int b => some (Value.int (a * b))
                      | BinOp.div, Value.int a, Value.int b => if b = 0 then none else some (Value.int (a.tdiv b))
                      | BinOp.rem, Value.int a, Value.int b => if b = 0 then none else some (Value.int (a.tmod b))
                      | BinOp.band, Value.int a, Value.int b =>
                        if 0 ≤ a ∧ 0 ≤ b then some (Value.int ↑(a.toNat &&& b.toNat)) else none
                      | BinOp.bor, Value.int a, Value.int b =>
                        if 0 ≤ a ∧ 0 ≤ b then some (Value.int ↑(a.toNat ||| b.toNat)) else none
                      | BinOp.bxor, Value.int a, Value.int b =>
                        if 0 ≤ a ∧ 0 ≤ b then some (Value.int ↑(a.toNat ^^^ b.toNat)) else none
                      | BinOp.shl, Value.int a, Value.int b =>
                        if 0 ≤ a ∧ 0 ≤ b then some (Value.int (a * 2 ^ b.toNat)) else none
                      | BinOp.shr, Value.int a, Value.int b =>
                        if 0 ≤ a ∧ 0 ≤ b then some (Value.int (a.tdiv (2 ^ b.toNat))) else none
                      | BinOp.lt, Value.int a, Value.int b => some (Value.bool (decide (a < b)))
                      | BinOp.le, Value.int a, Value.int b => some (Value.bool (decide (a ≤ b)))
                      | BinOp.gt, Value.int a, Value.int b => some (Value.bool (decide (b < a)))
                      | BinOp.ge, Value.int a, Value.int b => some (Value.bool (decide (b ≤ a)))
                      | BinOp.and, Value.bool x, Value.bool y => some (Value.bool (x && y))
                      | BinOp.or, Value.bool x, Value.bool y => some (Value.bool (x || y))
                      | BinOp.eq, x, y => some (Value.bool (decide (x = y)))
                      | BinOp.ne, x, y => some (Value.bool !decide (x = y))
                      | x, x_1, x_2 => none
                    | x, x_1 => none with
                  | some x, some y =>
                    match BinOp.and, x, y with
                    | BinOp.add, Value.int a, Value.int b => some (Value.int (a + b))
                    | BinOp.sub, Value.int a, Value.int b => some (Value.int (a - b))
                    | BinOp.mul, Value.int a, Value.int b => some (Value.int (a * b))
                    | BinOp.div, Value.int a, Value.int b => if b = 0 then none else some (Value.int (a.tdiv b))
                    | BinOp.rem, Value.int a, Value.int b => if b = 0 then none else some (Value.int (a.tmod b))
                    | BinOp.band, Value.int a, Value.int b =>
                      if 0 ≤ a ∧ 0 ≤ b then some (Value.int ↑(a.toNat &&& b.toNat)) else none
                    | BinOp.bor, Value.int a, Value.int b =>
                      if 0 ≤ a ∧ 0 ≤ b then some (Value.int ↑(a.toNat ||| b.toNat)) else none
                    | BinOp.bxor, Value.int a, Value.int b =>
                      if 0 ≤ a ∧ 0 ≤ b then some (Value.int ↑(a.toNat ^^^ b.toNat)) else none
                    | BinOp.shl, Value.int a, Value.int b =>
                      if 0 ≤ a ∧ 0 ≤ b then some (Value.int (a * 2 ^ b.toNat)) else none
                    | BinOp.shr, Value.int a, Value.int b =>
                      if 0 ≤ a ∧ 0 ≤ b then some (Value.int (a.tdiv (2 ^ b.toNat))) else none
                    | BinOp.lt, Value.int a, Value.int b => some (Value.bool (decide (a < b)))
                    | BinOp.le, Value.int a, Value.int b => some (Value.bool (decide (a ≤ b)))
                    | BinOp.gt, Value.int a, Value.int b => some (Value.bool (decide (b < a)))
                    | BinOp.ge, Value.int a, Value.int b => some (Value.bool (decide (b ≤ a)))
                    | BinOp.and, Value.bool x, Value.bool y => some (Value.bool (x && y))
                    | BinOp.or, Value.bool x, Value.bool y => some (Value.bool (x || y))
                    | BinOp.eq, x, y => some (Value.bool (decide (x = y)))
                    | BinOp.ne, x, y => some (Value.bool !decide (x = y))
                    | x, x_1, x_2 => none
                  | x, x_1 => none with
                | some x, some y =>
                  match BinOp.and, x, y with
                  | BinOp.add, Value.int a, Value.int b => some (Value.int (a + b))
                  | BinOp.sub, Value.int a, Value.int b => some (Value.int (a - b))
                  | BinOp.mul, Value.int a, Value.int b => some (Value.int (a * b))
                  | BinOp.div, Value.int a, Value.int b => if b = 0 then none else some (Value.int (a.tdiv b))
                  | BinOp.rem, Value.int a, Value.int b => if b = 0 then none else some (Value.int (a.tmod b))
                  | BinOp.band, Value.int a, Value.int b =>
                    if 0 ≤ a ∧ 0 ≤ b then some (Value.int ↑(a.toNat &&& b.toNat)) else none
                  | BinOp.bor, Value.int a, Value.int b =>
                    if 0 ≤ a ∧ 0 ≤ b then some (Value.int ↑(a.toNat ||| b.toNat)) else none
                  | BinOp.bxor, Value.int a, Value.int b =>
                    if 0 ≤ a ∧ 0 ≤ b then some (Value.int ↑(a.toNat ^^^ b.toNat)) else none
                  | BinOp.shl, Value.int a, Value.int b =>
                    if 0 ≤ a ∧ 0 ≤ b then some (Value.int (a * 2 ^ b.toNat)) else none
                  | BinOp.shr, Value.int a, Value.int b =>
                    if 0 ≤ a ∧ 0 ≤ b then some (Value.int (a.tdiv (2 ^ b.toNat))) else none
                  | BinOp.lt, Value.int a, Value.int b => some (Value.bool (decide (a < b)))
                  | BinOp.le, Value.int a, Value.int b => some (Value.bool (decide (a ≤ b)))
                  | BinOp.gt, Value.int a, Value.int b => some (Value.bool (decide (b < a)))
                  | BinOp.ge, Value.int a, Value.int b => some (Value.bool (decide (b ≤ a)))
                  | BinOp.and, Value.bool x, Value.bool y => some (Value.bool (x && y))
                  | BinOp.or, Value.bool x, Value.bool y => some (Value.bool (x || y))
                  | BinOp.eq, x, y => some (Value.bool (decide (x = y)))
                  | BinOp.ne, x, y => some (Value.bool !decide (x = y))
                  | x, x_1, x_2 => none
                | x, x_1 => none with
              | some x, some y =>
                match BinOp.and, x, y with
                | BinOp.add, Value.int a, Value.int b => some (Value.int (a + b))
                | BinOp.sub, Value.int a, Value.int b => some (Value.int (a - b))
                | BinOp.mul, Value.int a, Value.int b => some (Value.int (a * b))
                | BinOp.div, Value.int a, Value.int b => if b = 0 then none else some (Value.int (a.tdiv b))
                | BinOp.rem, Value.int a, Value.int b => if b = 0 then none else some (Value.int (a.tmod b))
                | BinOp.band, Value.int a, Value.int b =>
                  if 0 ≤ a ∧ 0 ≤ b then some (Value.int ↑(a.toNat &&& b.toNat)) else none
                | BinOp.bor, Value.int a, Value.int b =>
                  if 0 ≤ a ∧ 0 ≤ b then some (Value.int ↑(a.toNat ||| b.toNat)) else none
                | BinOp.bxor, Value.int a, Value.int b =>
                  if 0 ≤ a ∧ 0 ≤ b then some (Value.int ↑(a.toNat ^^^ b.toNat)) else none
                | BinOp.shl, Value.int a, Value.int b =>
                  if 0 ≤ a ∧ 0 ≤ b then some (Value.int (a * 2 ^ b.toNat)) else none
                | BinOp.shr, Value.int a, Value.int b =>
                  if 0 ≤ a ∧ 0 ≤ b then some (Value.int (a.tdiv (2 ^ b.toNat))) else none
                | BinOp.lt, Value.int a, Value.int b => some (Value.bool (decide (a < b)))
                | BinOp.le, Value.int a, Value.int b => some (Value.bool (decide (a ≤ b)))
                | BinOp.gt, Value.int a, Value.int b => some (Value.bool (decide (b < a)))
                | BinOp.ge, Value.int a, Value.int b => some (Value.bool (decide (b ≤ a)))
                | BinOp.and, Value.bool x, Value.bool y => some (Value.bool (x && y))
                | BinOp.or, Value.bool x, Value.bool y => some (Value.bool (x || y))
                | BinOp.eq, x, y => some (Value.bool (decide (x = y)))
                | BinOp.ne, x, y => some (Value.bool !decide (x = y))
                | x, x_1, x_2 => none
              | x, x_1 => none with
            | some (Value.bool true) => Outcome.running (ρ "einsammeln#1" s).fst
            | x => Outcome.stuck with
          | Outcome.running s' => Outcome.running s'
          | o => o with
        | Outcome.running s => some s
        | Outcome.returned s v => some s
        | Outcome.exited s => some s
        | Outcome.left s => some s
        | Outcome.stuck => none) =
        some s' ∧
      WF shapeOf s'.world ∧
        (∀ (k : Nat), k < 4096 → chase s'.world "Kappenraum" "elter" 0 (↑k) 4096 = some (Value.bool true)) ∧
          (∀ (k : Nat),
              k < 4096 →
                ¬s'.world (Place.slot "Kappenraum" (↑k) "elter") = Value.absent ∨
                  s'.world (Place.slot "Kappenraum" (↑k) "vorheriges") = Value.absent) ∧
            ∀ (k : Nat), k < 4096 → chase s'.world "Kappenraum" "elter" 0 (↑k) 4096 = some (Value.bool true)
T01.lean:323:8: warning: declaration uses `sorry`
