{"synthetic": false,
 "schemaVersion": "2025-09-10",
 "outputs":
 {"o": ["0a07561771a49f69.olean"],
  "m": false,
  "i": "e3b40616b9406ab7.ilean",
  "c": "0c79e27715410e36.c"},
 "log":
 [{"message":
   ".> LEAN_PATH=/home/simon/Dokumente/Gabbro/programmlogik-a/.lake/build/lib/lean /home/simon/.elan/toolchains/leanprover--lean4---v4.33.1/bin/lean /home/simon/Dokumente/Gabbro/programmlogik-a/Gabbro/Body.lean -o /home/simon/Dokumente/Gabbro/programmlogik-a/.lake/build/lib/lean/Gabbro/Body.olean -i /home/simon/Dokumente/Gabbro/programmlogik-a/.lake/build/lib/lean/Gabbro/Body.ilean -c /home/simon/Dokumente/Gabbro/programmlogik-a/.lake/build/ir/Gabbro/Body.c --setup /home/simon/Dokumente/Gabbro/programmlogik-a/.lake/build/ir/Gabbro/Body.setup.json --json",
   "level": "trace"}],
 "inputs":
 [["deps",
   [["programmlogik/Gabbro:extraDep",
     [["@programmlogik:extraDep", "00000000000006bb"]]],
    ["imports", "00000000000006bb"]]],
  ["libs",
   [["import dynlibs", "00000000000006bb"],
    ["package external libraries", "00000000000006bb"],
    ["module dynlibs", "00000000000006bb"],
    ["module plugins", "00000000000006bb"]]],
  ["Lean 4.33.1, commit 819816b2e0a3bf405af45ae5c7af2491d8f5bee6",
   "0051240b7c23c453"],
  ["/home/simon/Dokumente/Gabbro/programmlogik-a/Gabbro/Body.lean",
   "4ccc961451cbcf0f"],
  ["options", "00000000000006bb"],
  ["isModule: false", "feefd2a0d3a1847e"],
  ["Module.name: Gabbro.Body", "8568f7f879ad46be"],
  ["Package.id?: (some programmlogik)", "56ebe9bc0bb3f7c1"],
  ["Module.leanArgs: #[]", "00000000000006bb"]],
 "depHash": "0258d1ca7117f230"}